Archive member included to satisfy reference by file (symbol)

app/libapp.a(main.c.obj)      (--whole-archive)
app/libapp.a(project_states.c.obj)
                              (--whole-archive)
zephyr/libzephyr.a(heap.c.obj)
                              (--whole-archive)
zephyr/libzephyr.a(cbprintf_packaged.c.obj)
                              (--whole-archive)
zephyr/libzephyr.a(clock.c.obj)
                              (--whole-archive)
zephyr/libzephyr.a(printk.c.obj)
                              (--whole-archive)
zephyr/libzephyr.a(sem.c.obj)
                              (--whole-archive)
zephyr/libzephyr.a(thread_entry.c.obj)
                              (--whole-archive)
zephyr/libzephyr.a(cbprintf_complete.c.obj)
                              (--whole-archive)
zephyr/libzephyr.a(assert.c.obj)
                              (--whole-archive)
zephyr/libzephyr.a(dec.c.obj)
                              (--whole-archive)
zephyr/libzephyr.a(hex.c.obj)
                              (--whole-archive)
zephyr/libzephyr.a(rb.c.obj)  (--whole-archive)
zephyr/libzephyr.a(timeutil.c.obj)
                              (--whole-archive)
zephyr/libzephyr.a(bitarray.c.obj)
                              (--whole-archive)
zephyr/libzephyr.a(onoff.c.obj)
                              (--whole-archive)
zephyr/libzephyr.a(notify.c.obj)
                              (--whole-archive)
zephyr/libzephyr.a(ring_buffer.c.obj)
                              (--whole-archive)
zephyr/libzephyr.a(last_section_id.c.obj)
                              (--whole-archive)
zephyr/libzephyr.a(configs.c.obj)
                              (--whole-archive)
zephyr/libzephyr.a(mem_attr.c.obj)
                              (--whole-archive)
zephyr/libzephyr.a(tracing_none.c.obj)
                              (--whole-archive)
zephyr/arch/common/libarch__common.a(sw_isr_common.c.obj)
                              (--whole-archive)
zephyr/arch/arch/arm/core/libarch__arm__core.a(fatal.c.obj)
                              (--whole-archive)
zephyr/arch/arch/arm/core/libarch__arm__core.a(nmi.c.obj)
                              (--whole-archive)
zephyr/arch/arch/arm/core/libarch__arm__core.a(nmi_on_reset.S.obj)
                              (--whole-archive)
zephyr/arch/arch/arm/core/libarch__arm__core.a(tls.c.obj)
                              (--whole-archive)
zephyr/arch/arch/arm/core/cortex_m/libarch__arm__core__cortex_m.a(exc_exit.c.obj)
                              (--whole-archive)
zephyr/arch/arch/arm/core/cortex_m/libarch__arm__core__cortex_m.a(fault.c.obj)
                              (--whole-archive)
zephyr/arch/arch/arm/core/cortex_m/libarch__arm__core__cortex_m.a(fault_s.S.obj)
                              (--whole-archive)
zephyr/arch/arch/arm/core/cortex_m/libarch__arm__core__cortex_m.a(fpu.c.obj)
                              (--whole-archive)
zephyr/arch/arch/arm/core/cortex_m/libarch__arm__core__cortex_m.a(reset.S.obj)
                              (--whole-archive)
zephyr/arch/arch/arm/core/cortex_m/libarch__arm__core__cortex_m.a(scb.c.obj)
                              (--whole-archive)
zephyr/arch/arch/arm/core/cortex_m/libarch__arm__core__cortex_m.a(thread_abort.c.obj)
                              (--whole-archive)
zephyr/arch/arch/arm/core/cortex_m/libarch__arm__core__cortex_m.a(vector_table.S.obj)
                              (--whole-archive)
zephyr/arch/arch/arm/core/cortex_m/libarch__arm__core__cortex_m.a(swap_helper.S.obj)
                              (--whole-archive)
zephyr/arch/arch/arm/core/cortex_m/libarch__arm__core__cortex_m.a(irq_manage.c.obj)
                              (--whole-archive)
zephyr/arch/arch/arm/core/cortex_m/libarch__arm__core__cortex_m.a(prep_c.c.obj)
                              (--whole-archive)
zephyr/arch/arch/arm/core/cortex_m/libarch__arm__core__cortex_m.a(thread.c.obj)
                              (--whole-archive)
zephyr/arch/arch/arm/core/cortex_m/libarch__arm__core__cortex_m.a(cpu_idle.c.obj)
                              (--whole-archive)
zephyr/arch/arch/arm/core/cortex_m/libarch__arm__core__cortex_m.a(irq_init.c.obj)
                              (--whole-archive)
zephyr/arch/arch/arm/core/cortex_m/libarch__arm__core__cortex_m.a(isr_wrapper.c.obj)
                              (--whole-archive)
zephyr/arch/arch/arm/core/cortex_m/libarch__arm__core__cortex_m.a(__aeabi_read_tp.S.obj)
                              (--whole-archive)
zephyr/arch/arch/arm/core/mpu/libarch__arm__core__mpu.a(arm_core_mpu.c.obj)
                              (--whole-archive)
zephyr/arch/arch/arm/core/mpu/libarch__arm__core__mpu.a(arm_mpu.c.obj)
                              (--whole-archive)
zephyr/arch/arch/arm/core/mpu/libarch__arm__core__mpu.a(arm_mpu_regions.c.obj)
                              (--whole-archive)
zephyr/lib/libc/picolibc/liblib__libc__picolibc.a(assert.c.obj)
                              (--whole-archive)
zephyr/lib/libc/picolibc/liblib__libc__picolibc.a(cbprintf.c.obj)
[...]
Memory Configuration

Name             Origin             Length             Attributes
FLASH            0x0000000000000000 0x0000000000100000 xr
RAM              0x0000000020000000 0x0000000000040000 xw
IDT_LIST         0x00000000ffff7fff 0x0000000000008000 xw
*default*        0x0000000000000000 0xffffffffffffffff

Linker script and memory map

                0x0000000000004630                vfprintf = __l_vfprintf
                0x0000000000000000                vfscanf = __l_vfscanf
LOAD zephyr/CMakeFiles/zephyr_pre0.dir/misc/empty_file.c.obj
LOAD zephyr/CMakeFiles/offsets.dir/./arch/arm/core/offsets/offsets.c.obj
LOAD app/libapp.a
LOAD zephyr/libzephyr.a
LOAD zephyr/arch/common/libarch__common.a
LOAD zephyr/arch/arch/arm/core/libarch__arm__core.a
LOAD zephyr/arch/arch/arm/core/cortex_m/libarch__arm__core__cortex_m.a
LOAD zephyr/arch/arch/arm/core/mpu/libarch__arm__core__mpu.a
LOAD zephyr/lib/libc/picolibc/liblib__libc__picolibc.a
LOAD zephyr/lib/libc/common/liblib__libc__common.a
LOAD zephyr/lib/smf/liblib__smf.a
LOAD zephyr/soc/soc/nrf52840/libsoc__nordic.a
LOAD zephyr/drivers/clock_control/libdrivers__clock_control.a
LOAD zephyr/drivers/console/libdrivers__console.a
LOAD zephyr/drivers/gpio/libdrivers__gpio.a
LOAD zephyr/drivers/pinctrl/libdrivers__pinctrl.a
LOAD zephyr/drivers/pwm/libdrivers__pwm.a
LOAD zephyr/drivers/serial/libdrivers__serial.a
LOAD zephyr/drivers/timer/libdrivers__timer.a
LOAD modules/Amy-s-eie_nrf52840.git/drivers/BTN/lib..__Amy-s-eie_nrf52840.git__drivers__BTN.a
LOAD modules/Amy-s-eie_nrf52840.git/drivers/LED/lib..__Amy-s-eie_nrf52840.git__drivers__LED.a
LOAD modules/hal_nordic/nrfx/libmodules__hal_nordic__nrfx.a
LOAD zephyr/kernel/libkernel.a
LOAD zephyr/arch/common/libisr_tables.a
LOAD c:\users\activ\zephyr-sdk-0.17.2\arm-zephyr-eabi\bin\../lib/gcc/../../picolibc/arm-zephyr-eabi/lib/thumb/v7e-m/nofp\libc.a
LOAD c:/users/activ/zephyr-sdk-0.17.2/arm-zephyr-eabi/bin/../lib/gcc/arm-zephyr-eabi/12.2.0/thumb/v7e-m/nofp\libgcc.a
                0x0000000000000020                _region_min_align = 0x20

.rel.plt        0x0000000000000000        0x0
 *(SORT_BY_ALIGNMENT(.rel.plt))
                [!provide]                        PROVIDE (__rel_iplt_start = .)
 *(SORT_BY_ALIGNMENT(.rel.iplt))
 .rel.iplt      0x0000000000000000        0x0 app/libapp.a(main.c.obj)
                [!provide]                        PROVIDE (__rel_iplt_end = .)

.rela.plt       0x0000000000000000        0x0
 *(SORT_BY_ALIGNMENT(.rela.plt))
                [!provide]                        PROVIDE (__rela_iplt_start = .)
 *(SORT_BY_ALIGNMENT(.rela.iplt))
                [!provide]                        PROVIDE (__rela_iplt_end = .)

.rel.dyn
 *(SORT_BY_ALIGNMENT(.rel.*))

.rela.dyn
 *(SORT_BY_ALIGNMENT(.rela.*))

/DISCARD/
 *(SORT_BY_ALIGNMENT(.plt))

/DISCARD/
 *(SORT_BY_ALIGNMENT(.iplt))
                0x0000000000000000                __rom_region_start = 0x0

rom_start       0x0000000000000000      0x100
                0x0000000000000000                __rom_start_address = .
 FILL mask 0x00
                0x0000000000000000                . = (. + (0x0 - (. - __rom_start_address)))
                0x0000000000000000                . = ALIGN (0x4)
                0x0000000000000000                . = ALIGN (0x80)
                0x0000000000000000                . = ALIGN (0x100)
                0x0000000000000000                _vector_start = .
 *(SORT_BY_ALIGNMENT(.exc_vector_table))
 *(SORT_BY_ALIGNMENT(.exc_vector_table.*))
 .exc_vector_table._vector_table_section
                0x0000000000000000       0x40 zephyr/arch/arch/arm/core/cortex_m/libarch__arm__core__cortex_m.a(vector_table.S.obj)
                0x0000000000000000                _vector_table
 *(SORT_BY_ALIGNMENT(.vectors))
                0x0000000000000100                _vector_end = .
                0x0000000000000040                . = ALIGN (0x4)
 *(SORT_BY_ALIGNMENT(.gnu.linkonce.irq_vector_table*))
 .gnu.linkonce.irq_vector_table
                0x0000000000000040       0xc0 zephyr/arch/common/libisr_tables.a(isr_tables.c.obj)
                0x0000000000000040                _irq_vector_table
                0x0000000000000100                _vector_end = .

text            0x0000000000000100     0x5840
                0x0000000000000100                __text_region_start = .
 *(SORT_BY_ALIGNMENT(.text))
 .text          0x0000000000000100       0x30 c:/users/activ/zephyr-sdk-0.17.2/arm-zephyr-eabi/bin/../lib/gcc/arm-zephyr-eabi/12.2.0/thumb/v7e-m/nofp\libgcc.a(_aeabi_uldivmod.o)
                0x0000000000000100                __aeabi_uldivmod
 .text          0x0000000000000130        0x4 c:/users/activ/zephyr-sdk-0.17.2/arm-zephyr-eabi/bin/../lib/gcc/arm-zephyr-eabi/12.2.0/thumb/v7e-m/nofp\libgcc.a(_dvmd_tls.o)
                0x0000000000000130                __aeabi_idiv0
                0x0000000000000130                __aeabi_ldiv0
 .text          0x0000000000000134       0x14 c:\users\activ\zephyr-sdk-0.17.2\arm-zephyr-eabi\bin\../lib/gcc/../../picolibc/arm-zephyr-eabi/lib/thumb/v7e-m/nofp\libc.a(strcmp.S.o)
                0x0000000000000134                strcmp
 .text          0x0000000000000148      0x2a0 c:/users/activ/zephyr-sdk-0.17.2/arm-zephyr-eabi/bin/../lib/gcc/arm-zephyr-eabi/12.2.0/thumb/v7e-m/nofp\libgcc.a(_udivmoddi4.o)
                0x0000000000000148                __udivmoddi4
 *(SORT_BY_ALIGNMENT(.text.*))
 .text._led_pwm_preserve_blink
                0x00000000000003e8       0xc8 modules/Amy-s-eie_nrf52840.git/drivers/LED/lib..__Amy-s-eie_nrf52840.git__drivers__LED.a(led.c.obj)
 .text.start_exit
                0x00000000000004b0       0x10 app/libapp.a(project_states.c.obj)
 .text.start_entry
                0x00000000000004c0       0x34 app/libapp.a(project_states.c.obj)
 .text.selection_run
                0x00000000000004f4       0xd4 app/libapp.a(project_states.c.obj)
 .text.start_run
                0x00000000000005c8       0x74 app/libapp.a(project_states.c.obj)
 .text.project_states_init
                0x000000000000063c       0x38 app/libapp.a(project_states.c.obj)
                0x000000000000063c                project_states_init
 .text.project_states_run
                0x0000000000000674        0xc app/libapp.a(project_states.c.obj)
                0x0000000000000674                project_states_run
 .text.amount_entry
                0x0000000000000680       0x28 app/libapp.a(project_states.c.obj)
 .text.led_setting
                0x00000000000006a8       0x60 app/libapp.a(project_states.c.obj)
                0x00000000000006a8                led_setting
 .text.amount_run
                0x0000000000000708      0x124 app/libapp.a(project_states.c.obj)
 .text.char_out
                0x000000000000082c        0xc zephyr/libzephyr.a(printk.c.obj)
 .text.__printk_hook_install
                0x0000000000000838        0xc zephyr/libzephyr.a(printk.c.obj)
                0x0000000000000838                __printk_hook_install
 .text.vprintk  0x0000000000000844       0x30 zephyr/libzephyr.a(printk.c.obj)
                0x0000000000000844                vprintk
 .text.z_thread_entry
                0x0000000000000874       0x34 zephyr/libzephyr.a(thread_entry.c.obj)
                0x0000000000000874                z_thread_entry
 .text.process_event
                0x00000000000008a8      0x21c zephyr/libzephyr.a(onoff.c.obj)
 .text.mem_attr_get_regions
                0x0000000000000ac4        0xc zephyr/libzephyr.a(mem_attr.c.obj)
                0x0000000000000ac4                mem_attr_get_regions
 .text.z_SysNmiOnReset
                0x0000000000000ad0        0x8 zephyr/arch/arch/arm/core/libarch__arm__core.a(nmi_on_reset.S.obj)
                0x0000000000000ad0                z_SysNmiOnReset
 .text.arch_tls_stack_setup
                0x0000000000000ad8       0x40 zephyr/arch/arch/arm/core/libarch__arm__core.a(tls.c.obj)
                0x0000000000000ad8                arch_tls_stack_setup
 .text._HandlerModeExit
                0x0000000000000b18       0x20 zephyr/arch/arch/arm/core/cortex_m/libarch__arm__core__cortex_m.a(exc_exit.c.obj)
                0x0000000000000b18                z_arm_int_exit
                0x0000000000000b18                z_arm_exc_exit
 .text.mem_manage_fault
                0x0000000000000b38       0xa0 zephyr/arch/arch/arm/core/cortex_m/libarch__arm__core__cortex_m.a(fault.c.obj)
 .text.usage_fault.constprop.0
                0x0000000000000bd8       0x54 zephyr/arch/arch/arm/core/cortex_m/libarch__arm__core__cortex_m.a(fault.c.obj)
 .text.bus_fault.constprop.0
                0x0000000000000c2c       0x6c zephyr/arch/arch/arm/core/cortex_m/libarch__arm__core__cortex_m.a(fault.c.obj)
 .text.z_arm_fault
                0x0000000000000c98      0x128 zephyr/arch/arch/arm/core/cortex_m/libarch__arm__core__cortex_m.a(fault.c.obj)
                0x0000000000000c98                z_arm_fault
 .text.z_arm_fault_init
                0x0000000000000dc0       0x18 zephyr/arch/arch/arm/core/cortex_m/libarch__arm__core__cortex_m.a(fault.c.obj)
                0x0000000000000dc0                z_arm_fault_init
 .text.__fault  0x0000000000000dd8       0x14 zephyr/arch/arch/arm/core/cortex_m/libarch__arm__core__cortex_m.a(fault_s.S.obj)
                0x0000000000000dd8                z_arm_usage_fault
                0x0000000000000dd8                z_arm_mpu_fault
                0x0000000000000dd8                z_arm_exc_spurious
                0x0000000000000dd8                z_arm_debug_monitor
                0x0000000000000dd8                z_arm_hard_fault
                0x0000000000000dd8                z_arm_bus_fault
 .text._reset_section
                0x0000000000000dec       0x38 zephyr/arch/arch/arm/core/cortex_m/libarch__arm__core__cortex_m.a(reset.S.obj)
                0x0000000000000dec                __start
                0x0000000000000dec                z_arm_reset
 .text.z_impl_k_thread_abort
                0x0000000000000e24       0x2c zephyr/arch/arch/arm/core/cortex_m/libarch__arm__core__cortex_m.a(thread_abort.c.obj)
                0x0000000000000e24                z_impl_k_thread_abort
 .text.z_arm_pendsv
                0x0000000000000e50       0x60 zephyr/arch/arch/arm/core/cortex_m/libarch__arm__core__cortex_m.a(swap_helper.S.obj)
                0x0000000000000e50                z_arm_pendsv
 .text.z_arm_svc
                0x0000000000000eb0       0x24 zephyr/arch/arch/arm/core/cortex_m/libarch__arm__core__cortex_m.a(swap_helper.S.obj)
                0x0000000000000eb0                z_arm_svc
 .text.arm_irq_enable
                0x0000000000000ed4       0x1c zephyr/arch/arch/arm/core/cortex_m/libarch__arm__core__cortex_m.a(irq_manage.c.obj)
                0x0000000000000ed4                arm_irq_enable
 .text.arm_irq_is_enabled
                0x0000000000000ef0       0x1c zephyr/arch/arch/arm/core/cortex_m/libarch__arm__core__cortex_m.a(irq_manage.c.obj)
                0x0000000000000ef0                arm_irq_is_enabled
 .text.arm_irq_priority_set
                0x0000000000000f0c       0x30 zephyr/arch/arch/arm/core/cortex_m/libarch__arm__core__cortex_m.a(irq_manage.c.obj)
                0x0000000000000f0c                arm_irq_priority_set
 .text.relocate_vector_table
                0x0000000000000f3c       0x1c zephyr/arch/arch/arm/core/cortex_m/libarch__arm__core__cortex_m.a(prep_c.c.obj)
                0x0000000000000f3c                relocate_vector_table
 .text.z_prep_c
                0x0000000000000f58       0x38 zephyr/arch/arch/arm/core/cortex_m/libarch__arm__core__cortex_m.a(prep_c.c.obj)
                0x0000000000000f58                z_prep_c
 .text.arch_new_thread
                0x0000000000000f90       0x38 zephyr/arch/arch/arm/core/cortex_m/libarch__arm__core__cortex_m.a(thread.c.obj)
                0x0000000000000f90                arch_new_thread
 .text.z_check_thread_stack_fail
                0x0000000000000fc8       0x2c zephyr/arch/arch/arm/core/cortex_m/libarch__arm__core__cortex_m.a(thread.c.obj)
                0x0000000000000fc8                z_check_thread_stack_fail
 .text.arch_switch_to_main_thread
                0x0000000000000ff4       0x3c zephyr/arch/arch/arm/core/cortex_m/libarch__arm__core__cortex_m.a(thread.c.obj)
                0x0000000000000ff4                arch_switch_to_main_thread
 .text.z_arm_cpu_idle_init
                0x0000000000001030        0xc zephyr/arch/arch/arm/core/cortex_m/libarch__arm__core__cortex_m.a(cpu_idle.c.obj)
                0x0000000000001030                z_arm_cpu_idle_init
 .text.z_arm_interrupt_init
                0x000000000000103c       0x18 zephyr/arch/arch/arm/core/cortex_m/libarch__arm__core__cortex_m.a(irq_init.c.obj)
                0x000000000000103c                z_arm_interrupt_init
 .text._isr_wrapper
                0x0000000000001054       0x24 zephyr/arch/arch/arm/core/cortex_m/libarch__arm__core__cortex_m.a(isr_wrapper.c.obj)
                0x0000000000001054                _isr_wrapper
 .text.z_arm_configure_static_mpu_regions
                0x0000000000001078       0x18 zephyr/arch/arch/arm/core/mpu/libarch__arm__core__mpu.a(arm_core_mpu.c.obj)
                0x0000000000001078                z_arm_configure_static_mpu_regions
 .text.z_arm_configure_dynamic_mpu_regions
                0x0000000000001090       0x20 zephyr/arch/arch/arm/core/mpu/libarch__arm__core__mpu.a(arm_core_mpu.c.obj)
                0x0000000000001090                z_arm_configure_dynamic_mpu_regions
 .text.region_init
                0x00000000000010b0       0x28 zephyr/arch/arch/arm/core/mpu/libarch__arm__core__mpu.a(arm_mpu.c.obj)
 .text.mpu_configure_regions
                0x00000000000010d8       0x6c zephyr/arch/arch/arm/core/mpu/libarch__arm__core__mpu.a(arm_mpu.c.obj)
 .text.arm_core_mpu_enable
                0x0000000000001144       0x18 zephyr/arch/arch/arm/core/mpu/libarch__arm__core__mpu.a(arm_mpu.c.obj)
                0x0000000000001144                arm_core_mpu_enable
 .text.arm_core_mpu_disable
                0x000000000000115c       0x14 zephyr/arch/arch/arm/core/mpu/libarch__arm__core__mpu.a(arm_mpu.c.obj)
                0x000000000000115c                arm_core_mpu_disable
 .text.arm_core_mpu_configure_static_mpu_regions
                0x0000000000001170       0x14 zephyr/arch/arch/arm/core/mpu/libarch__arm__core__mpu.a(arm_mpu.c.obj)
                0x0000000000001170                arm_core_mpu_configure_static_mpu_regions
 .text.arm_core_mpu_configure_dynamic_mpu_regions
                0x0000000000001184       0x38 zephyr/arch/arch/arm/core/mpu/libarch__arm__core__mpu.a(arm_mpu.c.obj)
                0x0000000000001184                arm_core_mpu_configure_dynamic_mpu_regions
 .text.z_arm_mpu_init
                0x00000000000011bc      0x168 zephyr/arch/arch/arm/core/mpu/libarch__arm__core__mpu.a(arm_mpu.c.obj)
                0x00000000000011bc                z_arm_mpu_init
 .text.z_impl_zephyr_fputc
                0x0000000000001324       0x10 zephyr/lib/libc/picolibc/liblib__libc__picolibc.a(stdio.c.obj)
                0x0000000000001324                z_impl_zephyr_fputc
 .text.__stdout_hook_install
                0x0000000000001334       0x18 zephyr/lib/libc/picolibc/liblib__libc__picolibc.a(stdio.c.obj)
                0x0000000000001334                __stdout_hook_install
 .text.malloc_prepare
                0x000000000000134c       0x24 zephyr/lib/libc/common/liblib__libc__common.a(malloc.c.obj)
 .text.nordicsemi_nrf52_init
                0x0000000000001370       0x44 zephyr/soc/soc/nrf52840/libsoc__nordic.a(soc.c.obj)
 .text.arch_busy_wait
                0x00000000000013b4       0x14 zephyr/soc/soc/nrf52840/libsoc__nordic.a(soc.c.obj)
                0x00000000000013b4                arch_busy_wait
 .text.onoff_stop
                0x00000000000013c8       0x30 zephyr/drivers/clock_control/libdrivers__clock_control.a(clock_control_nrf.c.obj)
 .text.onoff_start
                0x00000000000013f8       0x44 zephyr/drivers/clock_control/libdrivers__clock_control.a(clock_control_nrf.c.obj)
 .text.generic_hfclk_stop
                0x000000000000143c       0x34 zephyr/drivers/clock_control/libdrivers__clock_control.a(clock_control_nrf.c.obj)
 .text.clk_init
                0x0000000000001470       0x58 zephyr/drivers/clock_control/libdrivers__clock_control.a(clock_control_nrf.c.obj)
 .text.api_blocking_start
                0x00000000000014c8       0x34 zephyr/drivers/clock_control/libdrivers__clock_control.a(clock_control_nrf.c.obj)
 .text.clkstarted_handle.constprop.0
                0x00000000000014fc       0x4c zephyr/drivers/clock_control/libdrivers__clock_control.a(clock_control_nrf.c.obj)
 .text.generic_hfclk_start
                0x0000000000001548       0x78 zephyr/drivers/clock_control/libdrivers__clock_control.a(clock_control_nrf.c.obj)
 .text.clock_event_handler
                0x00000000000015c0       0x1c zephyr/drivers/clock_control/libdrivers__clock_control.a(clock_control_nrf.c.obj)
 .text.z_nrf_clock_control_lf_on
                0x00000000000015dc       0xfc zephyr/drivers/clock_control/libdrivers__clock_control.a(clock_control_nrf.c.obj)
                0x00000000000015dc                z_nrf_clock_control_lf_on
 .text.uart_console_init
                0x00000000000016d8       0x28 zephyr/drivers/console/libdrivers__console.a(uart_console.c.obj)
 .text.console_out
                0x0000000000001700       0x28 zephyr/drivers/console/libdrivers__console.a(uart_console.c.obj)
 .text.gpio_nrfx_pin_interrupt_configure
                0x0000000000001728      0x11c zephyr/drivers/gpio/libdrivers__gpio.a(gpio_nrfx.c.obj)
 .text.nrfx_gpio_handler
                0x0000000000001844       0x4c zephyr/drivers/gpio/libdrivers__gpio.a(gpio_nrfx.c.obj)
 .text.gpio_nrfx_init
                0x0000000000001890       0x48 zephyr/drivers/gpio/libdrivers__gpio.a(gpio_nrfx.c.obj)
 .text.gpio_nrfx_pin_configure
                0x00000000000018d8      0x18c zephyr/drivers/gpio/libdrivers__gpio.a(gpio_nrfx.c.obj)
 .text.nrf_gpio_pin_port_decode
                0x0000000000001a64       0x20 zephyr/drivers/pinctrl/libdrivers__pinctrl.a(pinctrl_nrf.c.obj)
 .text.pinctrl_configure_pins
                0x0000000000001a84      0x1a4 zephyr/drivers/pinctrl/libdrivers__pinctrl.a(pinctrl_nrf.c.obj)
                0x0000000000001a84                pinctrl_configure_pins
 .text.nrf_gpio_pin_port_decode
                0x0000000000001c28       0x20 zephyr/drivers/pwm/libdrivers__pwm.a(pwm_nrfx.c.obj)
 .text.pwm_nrfx_init0
                0x0000000000001c48       0xac zephyr/drivers/pwm/libdrivers__pwm.a(pwm_nrfx.c.obj)
 .text.uarte_nrfx_poll_out
                0x0000000000001cf4       0xb4 zephyr/drivers/serial/libdrivers__serial.a(uart_nrfx_uarte.c.obj)
 .text.uarte_0_init
                0x0000000000001da8      0x108 zephyr/drivers/serial/libdrivers__serial.a(uart_nrfx_uarte.c.obj)
 .text.compare_int_lock
                0x0000000000001eb0       0x48 zephyr/drivers/timer/libdrivers__timer.a(nrf_rtc_timer.c.obj)
 .text.sys_clock_timeout_handler
                0x0000000000001ef8       0x48 zephyr/drivers/timer/libdrivers__timer.a(nrf_rtc_timer.c.obj)
 .text.compare_int_unlock
                0x0000000000001f40       0x5c zephyr/drivers/timer/libdrivers__timer.a(nrf_rtc_timer.c.obj)
 .text.z_nrf_rtc_timer_read
                0x0000000000001f9c       0x44 zephyr/drivers/timer/libdrivers__timer.a(nrf_rtc_timer.c.obj)
                0x0000000000001f9c                z_nrf_rtc_timer_read
 .text.compare_set
                0x0000000000001fe0      0x130 zephyr/drivers/timer/libdrivers__timer.a(nrf_rtc_timer.c.obj)
 .text.sys_clock_driver_init
                0x0000000000002110       0x90 zephyr/drivers/timer/libdrivers__timer.a(nrf_rtc_timer.c.obj)
 .text.rtc_nrf_isr
                0x00000000000021a0       0xd4 zephyr/drivers/timer/libdrivers__timer.a(nrf_rtc_timer.c.obj)
                0x00000000000021a0                rtc_nrf_isr
 .text.sys_clock_set_timeout
                0x0000000000002274       0x5c zephyr/drivers/timer/libdrivers__timer.a(nrf_rtc_timer.c.obj)
                0x0000000000002274                sys_clock_set_timeout
 .text.sys_clock_elapsed
                0x00000000000022d0       0x14 zephyr/drivers/timer/libdrivers__timer.a(nrf_rtc_timer.c.obj)
                0x00000000000022d0                sys_clock_elapsed
 .text._btn_interrupt_service_routine
                0x00000000000022e4       0x30 modules/Amy-s-eie_nrf52840.git/drivers/BTN/lib..__Amy-s-eie_nrf52840.git__drivers__BTN.a(btn.c.obj)
 .text.BTN_init
                0x0000000000002314       0xd8 modules/Amy-s-eie_nrf52840.git/drivers/BTN/lib..__Amy-s-eie_nrf52840.git__drivers__BTN.a(btn.c.obj)
                0x0000000000002314                BTN_init
 .text.BTN_check_clear_pressed
                0x00000000000023ec       0x1c modules/Amy-s-eie_nrf52840.git/drivers/BTN/lib..__Amy-s-eie_nrf52840.git__drivers__BTN.a(btn.c.obj)
                0x00000000000023ec                BTN_check_clear_pressed
 .text._led_halt_blink
                0x0000000000002408       0x28 modules/Amy-s-eie_nrf52840.git/drivers/LED/lib..__Amy-s-eie_nrf52840.git__drivers__LED.a(led.c.obj)
 .text.LED_init
                0x0000000000002430       0x74 modules/Amy-s-eie_nrf52840.git/drivers/LED/lib..__Amy-s-eie_nrf52840.git__drivers__LED.a(led.c.obj)
                0x0000000000002430                LED_init
 .text.LED_toggle
                0x00000000000024a4       0x24 modules/Amy-s-eie_nrf52840.git/drivers/LED/lib..__Amy-s-eie_nrf52840.git__drivers__LED.a(led.c.obj)
                0x00000000000024a4                LED_toggle
 .text._led_blink_loop
                0x00000000000024c8       0x4c modules/Amy-s-eie_nrf52840.git/drivers/LED/lib..__Amy-s-eie_nrf52840.git__drivers__LED.a(led.c.obj)
 .text.LED_set  0x0000000000002514       0x34 modules/Amy-s-eie_nrf52840.git/drivers/LED/lib..__Amy-s-eie_nrf52840.git__drivers__LED.a(led.c.obj)
                0x0000000000002514                LED_set
 .text.nrf52_errata_98
                0x0000000000002548       0x24 modules/hal_nordic/nrfx/libmodules__hal_nordic__nrfx.a(system_nrf52840.c.obj)
 .text.nvmc_wait
                0x000000000000256c       0x10 modules/hal_nordic/nrfx/libmodules__hal_nordic__nrfx.a(system_nrf52840.c.obj)
                0x000000000000256c                nvmc_wait
 .text.SystemInit
                0x000000000000257c      0x1bc modules/hal_nordic/nrfx/libmodules__hal_nordic__nrfx.a(system_nrf52840.c.obj)
                0x000000000000257c                SystemInit
 .text.nrfx_flag32_alloc
                0x0000000000002738       0x48 modules/hal_nordic/nrfx/libmodules__hal_nordic__nrfx.a(nrfx_flag32_allocator.c.obj)
                0x0000000000002738                nrfx_flag32_alloc
 .text.nrfx_flag32_free
                0x0000000000002780       0x40 modules/hal_nordic/nrfx/libmodules__hal_nordic__nrfx.a(nrfx_flag32_allocator.c.obj)
                0x0000000000002780                nrfx_flag32_free
 .text.nrfx_gppi_channels_enable
                0x00000000000027c0        0xc modules/hal_nordic/nrfx/libmodules__hal_nordic__nrfx.a(nrfx_gppi_ppi.c.obj)
                0x00000000000027c0                nrfx_gppi_channels_enable
 .text.clock_stop
                0x00000000000027cc       0xc4 modules/hal_nordic/nrfx/libmodules__hal_nordic__nrfx.a(nrfx_clock.c.obj)
 .text.nrfx_clock_init
                0x0000000000002890       0x20 modules/hal_nordic/nrfx/libmodules__hal_nordic__nrfx.a(nrfx_clock.c.obj)
                0x0000000000002890                nrfx_clock_init
 .text.nrfx_clock_enable
                0x00000000000028b0       0x24 modules/hal_nordic/nrfx/libmodules__hal_nordic__nrfx.a(nrfx_clock.c.obj)
                0x00000000000028b0                nrfx_clock_enable
 .text.nrfx_clock_start
                0x00000000000028d4       0xa8 modules/hal_nordic/nrfx/libmodules__hal_nordic__nrfx.a(nrfx_clock.c.obj)
                0x00000000000028d4                nrfx_clock_start
 .text.nrfx_power_clock_irq_handler
                0x000000000000297c       0x7c modules/hal_nordic/nrfx/libmodules__hal_nordic__nrfx.a(nrfx_clock.c.obj)
                0x000000000000297c                nrfx_power_clock_irq_handler
 .text.nrf_gpio_pin_port_decode
                0x00000000000029f8       0x20 modules/hal_nordic/nrfx/libmodules__hal_nordic__nrfx.a(nrfx_gpiote.c.obj)
 .text.get_pin_idx
                0x0000000000002a18       0x14 modules/hal_nordic/nrfx/libmodules__hal_nordic__nrfx.a(nrfx_gpiote.c.obj)
 .text.call_handler.constprop.0
                0x0000000000002a2c       0x40 modules/hal_nordic/nrfx/libmodules__hal_nordic__nrfx.a(nrfx_gpiote.c.obj)
 .text.pin_te_get.constprop.0
                0x0000000000002a6c       0x18 modules/hal_nordic/nrfx/libmodules__hal_nordic__nrfx.a(nrfx_gpiote.c.obj)
 .text.pin_is_output.constprop.0
                0x0000000000002a84       0x18 modules/hal_nordic/nrfx/libmodules__hal_nordic__nrfx.a(nrfx_gpiote.c.obj)
 .text.pin_in_use_by_te.constprop.0
                0x0000000000002a9c       0x18 modules/hal_nordic/nrfx/libmodules__hal_nordic__nrfx.a(nrfx_gpiote.c.obj)
 .text.latch_pending_read_and_check
                0x0000000000002ab4       0x40 modules/hal_nordic/nrfx/libmodules__hal_nordic__nrfx.a(nrfx_gpiote.c.obj)
 .text.release_handler.isra.0
                0x0000000000002af4       0x58 modules/hal_nordic/nrfx/libmodules__hal_nordic__nrfx.a(nrfx_gpiote.c.obj)
 .text.__nrfy_internal_gpiote_events_process.constprop.0
                0x0000000000002b4c       0x5c modules/hal_nordic/nrfx/libmodules__hal_nordic__nrfx.a(nrfx_gpiote.c.obj)
 .text.pin_uninit
                0x0000000000002ba8       0x80 modules/hal_nordic/nrfx/libmodules__hal_nordic__nrfx.a(nrfx_gpiote.c.obj)
 .text.nrfx_gpiote_input_configure
                0x0000000000002c28      0x174 modules/hal_nordic/nrfx/libmodules__hal_nordic__nrfx.a(nrfx_gpiote.c.obj)
                0x0000000000002c28                nrfx_gpiote_input_configure
 .text.nrfx_gpiote_output_configure
                0x0000000000002d9c       0xfc modules/hal_nordic/nrfx/libmodules__hal_nordic__nrfx.a(nrfx_gpiote.c.obj)
                0x0000000000002d9c                nrfx_gpiote_output_configure
 .text.nrfx_gpiote_global_callback_set
                0x0000000000002e98        0xc modules/hal_nordic/nrfx/libmodules__hal_nordic__nrfx.a(nrfx_gpiote.c.obj)
                0x0000000000002e98                nrfx_gpiote_global_callback_set
 .text.nrfx_gpiote_channel_get
                0x0000000000002ea4       0x34 modules/hal_nordic/nrfx/libmodules__hal_nordic__nrfx.a(nrfx_gpiote.c.obj)
                0x0000000000002ea4                nrfx_gpiote_channel_get
 .text.nrfx_gpiote_init
                0x0000000000002ed8       0x68 modules/hal_nordic/nrfx/libmodules__hal_nordic__nrfx.a(nrfx_gpiote.c.obj)
                0x0000000000002ed8                nrfx_gpiote_init
 .text.nrfx_gpiote_init_check
                0x0000000000002f40       0x14 modules/hal_nordic/nrfx/libmodules__hal_nordic__nrfx.a(nrfx_gpiote.c.obj)
                0x0000000000002f40                nrfx_gpiote_init_check
 .text.nrfx_gpiote_channel_free
                0x0000000000002f54        0xc modules/hal_nordic/nrfx/libmodules__hal_nordic__nrfx.a(nrfx_gpiote.c.obj)
                0x0000000000002f54                nrfx_gpiote_channel_free
 .text.nrfx_gpiote_channel_alloc
                0x0000000000002f60        0xc modules/hal_nordic/nrfx/libmodules__hal_nordic__nrfx.a(nrfx_gpiote.c.obj)
                0x0000000000002f60                nrfx_gpiote_channel_alloc
 .text.nrfx_gpiote_trigger_enable
                0x0000000000002f6c       0xb0 modules/hal_nordic/nrfx/libmodules__hal_nordic__nrfx.a(nrfx_gpiote.c.obj)
                0x0000000000002f6c                nrfx_gpiote_trigger_enable
 .text.nrfx_gpiote_0_irq_handler
                0x000000000000301c      0x1bc modules/hal_nordic/nrfx/libmodules__hal_nordic__nrfx.a(nrfx_gpiote.c.obj)
                0x000000000000301c                nrfx_gpiote_0_irq_handler
 .text.nrfx_ppi_channel_alloc
                0x00000000000031d8        0xc modules/hal_nordic/nrfx/libmodules__hal_nordic__nrfx.a(nrfx_ppi.c.obj)
                0x00000000000031d8                nrfx_ppi_channel_alloc
 .text.nrf_gpio_pin_port_decode
                0x00000000000031e4       0x20 modules/hal_nordic/nrfx/libmodules__hal_nordic__nrfx.a(nrfx_pwm.c.obj)
 .text.pwm_stopped_check
                0x0000000000003204       0x34 modules/hal_nordic/nrfx/libmodules__hal_nordic__nrfx.a(nrfx_pwm.c.obj)
 .text.pwm_configure
                0x0000000000003238       0xe8 modules/hal_nordic/nrfx/libmodules__hal_nordic__nrfx.a(nrfx_pwm.c.obj)
 .text.nrfx_pwm_init
                0x0000000000003320       0x4c modules/hal_nordic/nrfx/libmodules__hal_nordic__nrfx.a(nrfx_pwm.c.obj)
                0x0000000000003320                nrfx_pwm_init
 .text.nrfx_pwm_simple_playback
                0x000000000000336c       0x7c modules/hal_nordic/nrfx/libmodules__hal_nordic__nrfx.a(nrfx_pwm.c.obj)
                0x000000000000336c                nrfx_pwm_simple_playback
 .text.nrfx_pwm_stop
                0x00000000000033e8       0x44 modules/hal_nordic/nrfx/libmodules__hal_nordic__nrfx.a(nrfx_pwm.c.obj)
                0x00000000000033e8                nrfx_pwm_stop
 .text.nrfx_pwm_0_irq_handler
                0x000000000000342c       0x78 modules/hal_nordic/nrfx/libmodules__hal_nordic__nrfx.a(nrfx_pwm.c.obj)
                0x000000000000342c                nrfx_pwm_0_irq_handler
 .text.z_fatal_error
                0x00000000000034a4       0x30 zephyr/kernel/libkernel.a(fatal.c.obj)
                0x00000000000034a4                z_fatal_error
 .text.z_sys_init_run_level
                0x00000000000034d4       0x30 zephyr/kernel/libkernel.a(init.c.obj)
 .text.bg_thread_main
                0x0000000000003504       0xc0 zephyr/kernel/libkernel.a(init.c.obj)
 .text.z_bss_zero
                0x00000000000035c4       0x18 zephyr/kernel/libkernel.a(init.c.obj)
                0x00000000000035c4                z_bss_zero
 .text.z_init_cpu
                0x00000000000035dc       0x70 zephyr/kernel/libkernel.a(init.c.obj)
                0x00000000000035dc                z_init_cpu
 .text.z_cstart
                0x000000000000364c       0xd0 zephyr/kernel/libkernel.a(init.c.obj)
                0x000000000000364c                z_cstart
 .text.z_impl_k_sem_give
                0x000000000000371c       0x68 zephyr/kernel/libkernel.a(sem.c.obj)
                0x000000000000371c                z_impl_k_sem_give
 .text.z_impl_k_sem_take
                0x0000000000003784       0x4c zephyr/kernel/libkernel.a(sem.c.obj)
                0x0000000000003784                z_impl_k_sem_take
 .text.work_queue_main
                0x00000000000037d0      0x14c zephyr/kernel/libkernel.a(work.c.obj)
 .text.submit_to_queue_locked
                0x000000000000391c       0xb8 zephyr/kernel/libkernel.a(work.c.obj)
 .text.k_work_queue_start
                0x00000000000039d4       0x80 zephyr/kernel/libkernel.a(work.c.obj)
                0x00000000000039d4                k_work_queue_start
 .text.k_work_reschedule_for_queue
                0x0000000000003a54       0x5c zephyr/kernel/libkernel.a(work.c.obj)
                0x0000000000003a54                k_work_reschedule_for_queue
 .text.k_work_reschedule
                0x0000000000003ab0        0xc zephyr/kernel/libkernel.a(work.c.obj)
                0x0000000000003ab0                k_work_reschedule
 .text.z_setup_new_thread
                0x0000000000003abc       0x98 zephyr/kernel/libkernel.a(thread.c.obj)
                0x0000000000003abc                z_setup_new_thread
 .text.z_impl_k_thread_create
                0x0000000000003b54       0x58 zephyr/kernel/libkernel.a(thread.c.obj)
                0x0000000000003b54                z_impl_k_thread_create
 .text.z_dummy_thread_init
                0x0000000000003bac       0x18 zephyr/kernel/libkernel.a(thread.c.obj)
                0x0000000000003bac                z_dummy_thread_init
 .text.z_swap_irqlock
                0x0000000000003bc4       0x30 zephyr/kernel/libkernel.a(sched.c.obj)
 .text.ready_thread
                0x0000000000003bf4       0x84 zephyr/kernel/libkernel.a(sched.c.obj)
 .text.unready_thread
                0x0000000000003c78       0x54 zephyr/kernel/libkernel.a(sched.c.obj)
 .text.add_thread_timeout
                0x0000000000003ccc       0x1c zephyr/kernel/libkernel.a(sched.c.obj)
 .text.move_thread_to_end_of_prio_q
                0x0000000000003ce8       0x90 zephyr/kernel/libkernel.a(sched.c.obj)
                0x0000000000003ce8                move_thread_to_end_of_prio_q
 .text.z_impl_k_thread_suspend
                0x0000000000003d78       0xf0 zephyr/kernel/libkernel.a(sched.c.obj)
                0x0000000000003d78                z_impl_k_thread_suspend
 .text.z_pend_curr
                0x0000000000003e68       0x44 zephyr/kernel/libkernel.a(sched.c.obj)
                0x0000000000003e68                z_pend_curr
 .text.z_reschedule
                0x0000000000003eac       0x24 zephyr/kernel/libkernel.a(sched.c.obj)
                0x0000000000003eac                z_reschedule
 .text.z_reschedule_irqlock
                0x0000000000003ed0       0x28 zephyr/kernel/libkernel.a(sched.c.obj)
                0x0000000000003ed0                z_reschedule_irqlock
 .text.k_sched_lock
                0x0000000000003ef8       0x28 zephyr/kernel/libkernel.a(sched.c.obj)
                0x0000000000003ef8                k_sched_lock
 .text.k_sched_unlock
                0x0000000000003f20       0x68 zephyr/kernel/libkernel.a(sched.c.obj)
                0x0000000000003f20                k_sched_unlock
 .text.z_sched_init
                0x0000000000003f88       0x10 zephyr/kernel/libkernel.a(sched.c.obj)
                0x0000000000003f88                z_sched_init
 .text.z_impl_k_yield
                0x0000000000003f98       0x88 zephyr/kernel/libkernel.a(sched.c.obj)
                0x0000000000003f98                z_impl_k_yield
 .text.z_tick_sleep
                0x0000000000004020       0x78 zephyr/kernel/libkernel.a(sched.c.obj)
 .text.z_impl_k_wakeup
                0x0000000000004098       0x48 zephyr/kernel/libkernel.a(sched.c.obj)
                0x0000000000004098                z_impl_k_wakeup
 .text.z_impl_k_sched_current_thread_query
                0x00000000000040e0        0xc zephyr/kernel/libkernel.a(sched.c.obj)
                0x00000000000040e0                z_impl_k_sched_current_thread_query
 .text.z_thread_abort
                0x00000000000040ec      0x138 zephyr/kernel/libkernel.a(sched.c.obj)
                0x00000000000040ec                z_thread_abort
 .text.z_sched_wait
                0x0000000000004224       0x24 zephyr/kernel/libkernel.a(sched.c.obj)
                0x0000000000004224                z_sched_wait
 .text.slice_timeout
                0x0000000000004248       0x20 zephyr/kernel/libkernel.a(timeslicing.c.obj)
 .text.thread_is_sliceable
                0x0000000000004268       0x3c zephyr/kernel/libkernel.a(timeslicing.c.obj)
                0x0000000000004268                thread_is_sliceable
 .text.z_reset_time_slice
                0x00000000000042a4       0x50 zephyr/kernel/libkernel.a(timeslicing.c.obj)
                0x00000000000042a4                z_reset_time_slice
 .text.z_time_slice
                0x00000000000042f4       0x60 zephyr/kernel/libkernel.a(timeslicing.c.obj)
                0x00000000000042f4                z_time_slice
 .text.z_data_copy
                0x0000000000004354       0x38 zephyr/kernel/libkernel.a(xip.c.obj)
                0x0000000000004354                z_data_copy
 .text.first    0x000000000000438c       0x10 zephyr/kernel/libkernel.a(timeout.c.obj)
 .text.elapsed  0x000000000000439c       0x14 zephyr/kernel/libkernel.a(timeout.c.obj)
 .text.remove_timeout
                0x00000000000043b0       0x38 zephyr/kernel/libkernel.a(timeout.c.obj)
 .text.z_add_timeout
                0x00000000000043e8      0x120 zephyr/kernel/libkernel.a(timeout.c.obj)
                0x00000000000043e8                z_add_timeout
 .text.sys_clock_announce
                0x0000000000004508       0xc0 zephyr/kernel/libkernel.a(timeout.c.obj)
                0x0000000000004508                sys_clock_announce
 .text.sys_clock_tick_get
                0x00000000000045c8       0x30 zephyr/kernel/libkernel.a(timeout.c.obj)
                0x00000000000045c8                sys_clock_tick_get
 .text.boot_banner
                0x00000000000045f8        0xc zephyr/kernel/libkernel.a(banner.c.obj)
                0x00000000000045f8                boot_banner
 .text.k_sys_work_q_init
                0x0000000000004604       0x2c zephyr/kernel/libkernel.a(system_work_q.c.obj)
 .text.__l_vfprintf
                0x0000000000004630      0x4b8 c:\users\activ\zephyr-sdk-0.17.2\arm-zephyr-eabi\bin\../lib/gcc/../../picolibc/arm-zephyr-eabi/lib/thumb/v7e-m/nofp\libc.a(libc_tinystdio_vflprintf.c.o)
                0x0000000000004630                __l_vfprintf
 .text._OffsetAbsSyms
                0x0000000000004ae8        0x2 zephyr/CMakeFiles/offsets.dir/./arch/arm/core/offsets/offsets.c.obj
                0x0000000000004ae8                _OffsetAbsSyms
 .text.main     0x0000000000004aea       0x2c app/libapp.a(main.c.obj)
                0x0000000000004aea                main
 .text.selection_entry
                0x0000000000004b16        0x2 app/libapp.a(project_states.c.obj)
 .text.review_run
                0x0000000000004b18        0x4 app/libapp.a(project_states.c.obj)
 .text.delete_run
                0x0000000000004b1c        0x4 app/libapp.a(project_states.c.obj)
 .text.end_entry
                0x0000000000004b20        0x2 app/libapp.a(project_states.c.obj)
 .text.final_run
                0x0000000000004b22        0x4 app/libapp.a(project_states.c.obj)
 .text.end_run  0x0000000000004b26        0x4 app/libapp.a(project_states.c.obj)
 .text.delete_entry
                0x0000000000004b2a        0x2 app/libapp.a(project_states.c.obj)
 .text.delete_exit
                0x0000000000004b2c        0x2 app/libapp.a(project_states.c.obj)
 .text.final_entry
                0x0000000000004b2e        0x2 app/libapp.a(project_states.c.obj)
 .text.selection_exit
                0x0000000000004b30        0x2 app/libapp.a(project_states.c.obj)
 .text.amount_exit
                0x0000000000004b32        0x2 app/libapp.a(project_states.c.obj)
 .text.review_entry
                0x0000000000004b34        0x2 app/libapp.a(project_states.c.obj)
 .text.final_exit
                0x0000000000004b36        0x2 app/libapp.a(project_states.c.obj)
 .text.end_exit
                0x0000000000004b38        0x2 app/libapp.a(project_states.c.obj)
 .text.review_exit
                0x0000000000004b3a        0x2 app/libapp.a(project_states.c.obj)
 .text.binaryToDecimal
                0x0000000000004b3c       0x1c app/libapp.a(project_states.c.obj)
                0x0000000000004b3c                binaryToDecimal
 .text.turn_off_all_leds
                0x0000000000004b58       0x26 app/libapp.a(project_states.c.obj)
                0x0000000000004b58                turn_off_all_leds
 .text.chunk_size
                0x0000000000004b7e        0xa zephyr/libzephyr.a(heap.c.obj)
 .text.free_list_add
                0x0000000000004b88       0x4e zephyr/libzephyr.a(heap.c.obj)
 .text.sys_heap_init
                0x0000000000004bd6       0x7a zephyr/libzephyr.a(heap.c.obj)
                0x0000000000004bd6                sys_heap_init
 .text.arch_printk_char_out
                0x0000000000004c50        0x4 zephyr/libzephyr.a(printk.c.obj)
                0x0000000000004c50                arch_printk_char_out
 .text.printk   0x0000000000004c54       0x1a zephyr/libzephyr.a(printk.c.obj)
                0x0000000000004c54                printk
 .text.process_recheck
                0x0000000000004c6e       0x38 zephyr/libzephyr.a(onoff.c.obj)
 .text.validate_args
                0x0000000000004ca6       0x20 zephyr/libzephyr.a(onoff.c.obj)
 .text.notify_one
                0x0000000000004cc6       0x2c zephyr/libzephyr.a(onoff.c.obj)
 .text.transition_complete
                0x0000000000004cf2       0x1a zephyr/libzephyr.a(onoff.c.obj)
 .text.onoff_manager_init
                0x0000000000004d0c       0x26 zephyr/libzephyr.a(onoff.c.obj)
                0x0000000000004d0c                onoff_manager_init
 .text.onoff_request
                0x0000000000004d32       0xae zephyr/libzephyr.a(onoff.c.obj)
                0x0000000000004d32                onoff_request
 .text.sys_notify_validate
                0x0000000000004de0       0x22 zephyr/libzephyr.a(notify.c.obj)
                0x0000000000004de0                sys_notify_validate
 .text.sys_notify_finalize
                0x0000000000004e02       0x1a zephyr/libzephyr.a(notify.c.obj)
                0x0000000000004e02                sys_notify_finalize
 .text._ConfigAbsSyms
                0x0000000000004e1c        0x2 zephyr/libzephyr.a(configs.c.obj)
                0x0000000000004e1c                _ConfigAbsSyms
 .text.z_arm_fatal_error
                0x0000000000004e1e        0xc zephyr/arch/arch/arm/core/libarch__arm__core.a(fatal.c.obj)
                0x0000000000004e1e                z_arm_fatal_error
 .text.z_do_kernel_oops
                0x0000000000004e2a        0x8 zephyr/arch/arch/arm/core/libarch__arm__core.a(fatal.c.obj)
                0x0000000000004e2a                z_do_kernel_oops
 .text.z_arm_nmi
                0x0000000000004e32        0xe zephyr/arch/arch/arm/core/libarch__arm__core.a(nmi.c.obj)
                0x0000000000004e32                z_arm_nmi
 .text.z_irq_spurious
                0x0000000000004e40        0x8 zephyr/arch/arch/arm/core/cortex_m/libarch__arm__core__cortex_m.a(irq_manage.c.obj)
                0x0000000000004e40                z_irq_spurious
 .text.arch_irq_unlock_outlined
                0x0000000000004e48        0xe zephyr/arch/arch/arm/core/cortex_m/libarch__arm__core__cortex_m.a(thread.c.obj)
                0x0000000000004e48                arch_irq_unlock_outlined
 .text.arch_cpu_idle
                0x0000000000004e56       0x1a zephyr/arch/arch/arm/core/cortex_m/libarch__arm__core__cortex_m.a(cpu_idle.c.obj)
                0x0000000000004e56                arch_cpu_idle
 .text.arch_cpu_atomic_idle
                0x0000000000004e70       0x1e zephyr/arch/arch/arm/core/cortex_m/libarch__arm__core__cortex_m.a(cpu_idle.c.obj)
                0x0000000000004e70                arch_cpu_atomic_idle
 .text.size_to_mpu_rasr_size
                0x0000000000004e8e       0x20 zephyr/arch/arch/arm/core/mpu/libarch__arm__core__mpu.a(arm_mpu.c.obj)
 .text.picolibc_put
                0x0000000000004eae        0xa zephyr/lib/libc/picolibc/liblib__libc__picolibc.a(stdio.c.obj)
 .text.smf_set_initial
                0x0000000000004eb8       0x18 zephyr/lib/smf/liblib__smf.a(smf.c.obj)
                0x0000000000004eb8                smf_set_initial
 .text.smf_set_state
                0x0000000000004ed0       0x40 zephyr/lib/smf/liblib__smf.a(smf.c.obj)
                0x0000000000004ed0                smf_set_state
 .text.smf_run_state
                0x0000000000004f10       0x20 zephyr/lib/smf/liblib__smf.a(smf.c.obj)
                0x0000000000004f10                smf_run_state
 .text.get_status
                0x0000000000004f30       0x12 zephyr/drivers/clock_control/libdrivers__clock_control.a(clock_control_nrf.c.obj)
 .text.stop     0x0000000000004f42       0x52 zephyr/drivers/clock_control/libdrivers__clock_control.a(clock_control_nrf.c.obj)
 .text.api_stop
                0x0000000000004f94        0x6 zephyr/drivers/clock_control/libdrivers__clock_control.a(clock_control_nrf.c.obj)
 .text.async_start
                0x0000000000004f9a       0x5c zephyr/drivers/clock_control/libdrivers__clock_control.a(clock_control_nrf.c.obj)
 .text.api_start
                0x0000000000004ff6        0xe zephyr/drivers/clock_control/libdrivers__clock_control.a(clock_control_nrf.c.obj)
 .text.onoff_started_callback
                0x0000000000005004       0x12 zephyr/drivers/clock_control/libdrivers__clock_control.a(clock_control_nrf.c.obj)
 .text.lfclk_start
                0x0000000000005016        0x6 zephyr/drivers/clock_control/libdrivers__clock_control.a(clock_control_nrf.c.obj)
 .text.lfclk_stop
                0x000000000000501c        0x6 zephyr/drivers/clock_control/libdrivers__clock_control.a(clock_control_nrf.c.obj)
 .text.blocking_start_callback
                0x0000000000005022        0x6 zephyr/drivers/clock_control/libdrivers__clock_control.a(clock_control_nrf.c.obj)
 .text.gpio_nrfx_port_get_raw
                0x0000000000005028        0xe zephyr/drivers/gpio/libdrivers__gpio.a(gpio_nrfx.c.obj)
 .text.gpio_nrfx_port_set_masked_raw
                0x0000000000005036       0x18 zephyr/drivers/gpio/libdrivers__gpio.a(gpio_nrfx.c.obj)
 .text.gpio_nrfx_port_set_bits_raw
                0x000000000000504e        0xc zephyr/drivers/gpio/libdrivers__gpio.a(gpio_nrfx.c.obj)
 .text.gpio_nrfx_port_clear_bits_raw
                0x000000000000505a        0xc zephyr/drivers/gpio/libdrivers__gpio.a(gpio_nrfx.c.obj)
 .text.gpio_nrfx_port_toggle_bits
                0x0000000000005066       0x1a zephyr/drivers/gpio/libdrivers__gpio.a(gpio_nrfx.c.obj)
 .text.gpio_nrfx_manage_callback
                0x0000000000005080       0x52 zephyr/drivers/gpio/libdrivers__gpio.a(gpio_nrfx.c.obj)
 .text.pinctrl_lookup_state
                0x00000000000050d2       0x26 zephyr/drivers/pinctrl/libdrivers__pinctrl.a(common.c.obj)
                0x00000000000050d2                pinctrl_lookup_state
 .text.pwm_handler
                0x00000000000050f8        0x2 zephyr/drivers/pwm/libdrivers__pwm.a(pwm_nrfx.c.obj)
 .text.pwm_nrfx_get_cycles_per_sec
                0x00000000000050fa        0xc zephyr/drivers/pwm/libdrivers__pwm.a(pwm_nrfx.c.obj)
 .text.pwm_nrfx_set_cycles
                0x0000000000005106      0x130 zephyr/drivers/pwm/libdrivers__pwm.a(pwm_nrfx.c.obj)
 .text.uarte_nrfx_err_check
                0x0000000000005236        0xe zephyr/drivers/serial/libdrivers__serial.a(uart_nrfx_uarte.c.obj)
 .text.uarte_nrfx_poll_in
                0x0000000000005244       0x26 zephyr/drivers/serial/libdrivers__serial.a(uart_nrfx_uarte.c.obj)
 .text.is_tx_ready.isra.0
                0x000000000000526a       0x20 zephyr/drivers/serial/libdrivers__serial.a(uart_nrfx_uarte.c.obj)
 .text.uarte_nrfx_isr_int
                0x000000000000528a       0x42 zephyr/drivers/serial/libdrivers__serial.a(uart_nrfx_uarte.c.obj)
 .text.event_clear
                0x00000000000052cc       0x18 zephyr/drivers/timer/libdrivers__timer.a(nrf_rtc_timer.c.obj)
 .text.gpio_pin_get
                0x00000000000052e4       0x28 modules/Amy-s-eie_nrf52840.git/drivers/BTN/lib..__Amy-s-eie_nrf52840.git__drivers__BTN.a(btn.c.obj)
 .text._btn_debounce
                0x000000000000530c       0x1a modules/Amy-s-eie_nrf52840.git/drivers/BTN/lib..__Amy-s-eie_nrf52840.git__drivers__BTN.a(btn.c.obj)
 .text.LED_pwm  0x0000000000005326       0x20 modules/Amy-s-eie_nrf52840.git/drivers/LED/lib..__Amy-s-eie_nrf52840.git__drivers__LED.a(led.c.obj)
                0x0000000000005326                LED_pwm
 .text.nrfx_isr
                0x0000000000005346        0x2 modules/hal_nordic/nrfx/libmodules__hal_nordic__nrfx.a(nrfx_glue.c.obj)
                0x0000000000005346                nrfx_isr
 .text.nrfx_busy_wait
                0x0000000000005348        0x4 modules/hal_nordic/nrfx/libmodules__hal_nordic__nrfx.a(nrfx_glue.c.obj)
                0x0000000000005348                nrfx_busy_wait
 .text.nrfx_gppi_channel_endpoints_setup
                0x000000000000534c       0x14 modules/hal_nordic/nrfx/libmodules__hal_nordic__nrfx.a(nrfx_gppi_ppi.c.obj)
                0x000000000000534c                nrfx_gppi_channel_endpoints_setup
 .text.nrfx_gppi_channel_alloc
                0x0000000000005360        0x4 modules/hal_nordic/nrfx/libmodules__hal_nordic__nrfx.a(nrfx_gppi_ppi.c.obj)
                0x0000000000005360                nrfx_gppi_channel_alloc
 .text.nrfx_clock_stop
                0x0000000000005364        0x4 modules/hal_nordic/nrfx/libmodules__hal_nordic__nrfx.a(nrfx_clock.c.obj)
                0x0000000000005364                nrfx_clock_stop
 .text.nrf_gpio_reconfigure
                0x0000000000005368       0x92 modules/hal_nordic/nrfx/libmodules__hal_nordic__nrfx.a(nrfx_gpiote.c.obj)
 .text.nrf_gpio_cfg_sense_set
                0x00000000000053fa       0x1e modules/hal_nordic/nrfx/libmodules__hal_nordic__nrfx.a(nrfx_gpiote.c.obj)
 .text.pin_trigger_disable
                0x0000000000005418       0x48 modules/hal_nordic/nrfx/libmodules__hal_nordic__nrfx.a(nrfx_gpiote.c.obj)
 .text.nrfx_gpiote_pin_uninit
                0x0000000000005460        0x4 modules/hal_nordic/nrfx/libmodules__hal_nordic__nrfx.a(nrfx_gpiote.c.obj)
                0x0000000000005460                nrfx_gpiote_pin_uninit
 .text.nrfx_gpiote_trigger_disable
                0x0000000000005464        0x4 modules/hal_nordic/nrfx/libmodules__hal_nordic__nrfx.a(nrfx_gpiote.c.obj)
                0x0000000000005464                nrfx_gpiote_trigger_disable
 .text.start_playback
                0x0000000000005468       0x48 modules/hal_nordic/nrfx/libmodules__hal_nordic__nrfx.a(nrfx_pwm.c.obj)
 .text.__nrfy_internal_pwm_event_handle.isra.0
                0x00000000000054b0       0x22 modules/hal_nordic/nrfx/libmodules__hal_nordic__nrfx.a(nrfx_pwm.c.obj)
 .text.__nrfy_internal_pwm_events_process
                0x00000000000054d2       0x54 modules/hal_nordic/nrfx/libmodules__hal_nordic__nrfx.a(nrfx_pwm.c.obj)
 .text.nrfx_pwm_stopped_check
                0x0000000000005526        0x4 modules/hal_nordic/nrfx/libmodules__hal_nordic__nrfx.a(nrfx_pwm.c.obj)
                0x0000000000005526                nrfx_pwm_stopped_check
 .text.z_impl_k_busy_wait
                0x000000000000552a        0x8 zephyr/kernel/libkernel.a(busy_wait.c.obj)
                0x000000000000552a                z_impl_k_busy_wait
 .text.z_device_state_init
                0x0000000000005532        0x2 zephyr/kernel/libkernel.a(device.c.obj)
                0x0000000000005532                z_device_state_init
 .text.z_impl_device_is_ready
                0x0000000000005534       0x16 zephyr/kernel/libkernel.a(device.c.obj)
                0x0000000000005534                z_impl_device_is_ready
 .text.arch_system_halt
                0x000000000000554a       0x10 zephyr/kernel/libkernel.a(fatal.c.obj)
                0x000000000000554a                arch_system_halt
 .text.k_sys_fatal_error_handler
                0x000000000000555a        0x6 zephyr/kernel/libkernel.a(fatal.c.obj)
                0x000000000000555a                k_sys_fatal_error_handler
 .text.do_device_init
                0x0000000000005560       0x2e zephyr/kernel/libkernel.a(init.c.obj)
 .text.z_early_memset
                0x000000000000558e        0x4 zephyr/kernel/libkernel.a(init.c.obj)
                0x000000000000558e                z_early_memset
 .text.z_early_memcpy
                0x0000000000005592        0x4 zephyr/kernel/libkernel.a(init.c.obj)
                0x0000000000005592                z_early_memcpy
 .text.idle     0x0000000000005596       0x16 zephyr/kernel/libkernel.a(idle.c.obj)
                0x0000000000005596                idle
 .text.flag_test_and_clear
                0x00000000000055ac       0x16 zephyr/kernel/libkernel.a(work.c.obj)
 .text.unschedule_locked
                0x00000000000055c2       0x1e zephyr/kernel/libkernel.a(work.c.obj)
 .text.notify_queue_locked.isra.0
                0x00000000000055e0        0xe zephyr/kernel/libkernel.a(work.c.obj)
 .text.work_timeout
                0x00000000000055ee       0x3c zephyr/kernel/libkernel.a(work.c.obj)
 .text.k_work_init_delayable
                0x000000000000562a       0x18 zephyr/kernel/libkernel.a(work.c.obj)
                0x000000000000562a                k_work_init_delayable
 .text.k_is_in_isr
                0x0000000000005642        0xc zephyr/kernel/libkernel.a(thread.c.obj)
                0x0000000000005642                k_is_in_isr
 .text.z_impl_k_thread_name_set
                0x000000000000564e        0x6 zephyr/kernel/libkernel.a(thread.c.obj)
                0x000000000000564e                z_impl_k_thread_name_set
 .text.sys_dlist_remove
                0x0000000000005654       0x10 zephyr/kernel/libkernel.a(sched.c.obj)
 .text.unpend_thread_no_timeout
                0x0000000000005664       0x14 zephyr/kernel/libkernel.a(sched.c.obj)
 .text.add_to_waitq_locked
                0x0000000000005678       0x50 zephyr/kernel/libkernel.a(sched.c.obj)
 .text.z_ready_thread
                0x00000000000056c8       0x1e zephyr/kernel/libkernel.a(sched.c.obj)
                0x00000000000056c8                z_ready_thread
 .text.z_sched_wake_thread
                0x00000000000056e6       0x3a zephyr/kernel/libkernel.a(sched.c.obj)
                0x00000000000056e6                z_sched_wake_thread
 .text.z_thread_timeout
                0x0000000000005720        0x8 zephyr/kernel/libkernel.a(sched.c.obj)
                0x0000000000005720                z_thread_timeout
 .text.z_impl_k_sleep
                0x0000000000005728       0x4e zephyr/kernel/libkernel.a(sched.c.obj)
                0x0000000000005728                z_impl_k_sleep
 .text.z_sched_wake
                0x0000000000005776       0x44 zephyr/kernel/libkernel.a(sched.c.obj)
                0x0000000000005776                z_sched_wake
 .text.next_timeout
                0x00000000000057ba       0x2e zephyr/kernel/libkernel.a(timeout.c.obj)
 .text.z_abort_timeout
                0x00000000000057e8       0x50 zephyr/kernel/libkernel.a(timeout.c.obj)
                0x00000000000057e8                z_abort_timeout
 .text.sys_clock_tick_get_32
                0x0000000000005838        0x8 zephyr/kernel/libkernel.a(timeout.c.obj)
                0x0000000000005838                sys_clock_tick_get_32
 .text.memcpy   0x0000000000005840       0x1c c:\users\activ\zephyr-sdk-0.17.2\arm-zephyr-eabi\bin\../lib/gcc/../../picolibc/arm-zephyr-eabi/lib/thumb/v7e-m/nofp\libc.a(memcpy.c.o)
                0x0000000000005840                __aeabi_memcpy
                0x0000000000005840                __aeabi_memcpy4
                0x0000000000005840                __aeabi_memcpy8
                0x0000000000005840                memcpy
 .text.memset   0x000000000000585c       0x10 c:\users\activ\zephyr-sdk-0.17.2\arm-zephyr-eabi\bin\../lib/gcc/../../picolibc/arm-zephyr-eabi/lib/thumb/v7e-m/nofp\libc.a(memset.c.o)
                0x000000000000585c                memset
 .text.strnlen  0x000000000000586c       0x18 c:\users\activ\zephyr-sdk-0.17.2\arm-zephyr-eabi\bin\../lib/gcc/../../picolibc/arm-zephyr-eabi/lib/thumb/v7e-m/nofp\libc.a(libc_string_strnlen.c.o)
                0x000000000000586c                strnlen
 .text.__ultoa_invert
                0x0000000000005884       0xae c:\users\activ\zephyr-sdk-0.17.2\arm-zephyr-eabi\bin\../lib/gcc/../../picolibc/arm-zephyr-eabi/lib/thumb/v7e-m/nofp\libc.a(libc_tinystdio_vflprintf.c.o)
 *(SORT_BY_ALIGNMENT(.TEXT.*))
 *fill*         0x0000000000005932        0x2 
 .TEXT.__aeabi_read_tp
                0x0000000000005934        0xc zephyr/arch/arch/arm/core/cortex_m/libarch__arm__core__cortex_m.a(__aeabi_read_tp.S.obj)
                0x0000000000005934                __aeabi_read_tp
 *(SORT_BY_ALIGNMENT(.gnu.linkonce.t.*))
 *(SORT_BY_ALIGNMENT(.glue_7t))
 .glue_7t       0x0000000000005940        0x0 linker stubs
 *(SORT_BY_ALIGNMENT(.glue_7))
 .glue_7        0x0000000000005940        0x0 linker stubs
 *(SORT_BY_ALIGNMENT(.vfp11_veneer))
 .vfp11_veneer  0x0000000000005940        0x0 linker stubs
 *(SORT_BY_ALIGNMENT(.v4_bx))
 .v4_bx         0x0000000000005940        0x0 linker stubs
                0x0000000000005940                . = ALIGN (0x4)
                0x0000000000005940                __text_region_end = .

.ARM.exidx      0x0000000000005940        0x8
                0x0000000000005940                __exidx_start = .
 *(SORT_BY_ALIGNMENT(.ARM.exidx*) SORT_BY_ALIGNMENT(gnu.linkonce.armexidx.*))
 .ARM.exidx     0x0000000000005940        0x8 c:\users\activ\zephyr-sdk-0.17.2\arm-zephyr-eabi\bin\../lib/gcc/../../picolibc/arm-zephyr-eabi/lib/thumb/v7e-m/nofp\libc.a(strcmp.S.o)
 .ARM.exidx     0x0000000000005948        0x0 c:/users/activ/zephyr-sdk-0.17.2/arm-zephyr-eabi/bin/../lib/gcc/arm-zephyr-eabi/12.2.0/thumb/v7e-m/nofp\libgcc.a(_udivmoddi4.o)
                                          0x8 (size before relaxing)
                0x0000000000005948                __exidx_end = .
                0x0000000000005948                __rodata_region_start = .

initlevel       0x0000000000005948       0x50
                0x0000000000005948                __init_start = .
                0x0000000000005948                __init_EARLY_start = .
 *(SORT_BY_NAME(SORT_BY_ALIGNMENT(.z_init_EARLY_P_?_*)))
 *(SORT_BY_NAME(SORT_BY_ALIGNMENT(.z_init_EARLY_P_??_*)))
 *(SORT_BY_NAME(SORT_BY_ALIGNMENT(.z_init_EARLY_P_???_*)))
                0x0000000000005948                __init_PRE_KERNEL_1_start = .
 *(SORT_BY_NAME(SORT_BY_ALIGNMENT(.z_init_PRE_KERNEL_1_P_?_*)))
 .z_init_PRE_KERNEL_1_P_0_SUB_0_
                0x0000000000005948        0x8 zephyr/soc/soc/nrf52840/libsoc__nordic.a(soc.c.obj)
 *(SORT_BY_NAME(SORT_BY_ALIGNMENT(.z_init_PRE_KERNEL_1_P_??_*)))
 .z_init_PRE_KERNEL_1_P_30_SUB_00080_
                0x0000000000005950        0x8 zephyr/drivers/clock_control/libdrivers__clock_control.a(clock_control_nrf.c.obj)
 .z_init_PRE_KERNEL_1_P_40_SUB_00011_
                0x0000000000005958        0x8 zephyr/drivers/gpio/libdrivers__gpio.a(gpio_nrfx.c.obj)
 .z_init_PRE_KERNEL_1_P_40_SUB_00110_
                0x0000000000005960        0x8 zephyr/drivers/gpio/libdrivers__gpio.a(gpio_nrfx.c.obj)
 .z_init_PRE_KERNEL_1_P_50_SUB_00118_
                0x0000000000005968        0x8 zephyr/drivers/serial/libdrivers__serial.a(uart_nrfx_uarte.c.obj)
 .z_init_PRE_KERNEL_1_P_60_SUB_0_
                0x0000000000005970        0x8 zephyr/drivers/console/libdrivers__console.a(uart_console.c.obj)
 *(SORT_BY_NAME(SORT_BY_ALIGNMENT(.z_init_PRE_KERNEL_1_P_???_*)))
                0x0000000000005978                __init_PRE_KERNEL_2_start = .
 *(SORT_BY_NAME(SORT_BY_ALIGNMENT(.z_init_PRE_KERNEL_2_P_?_*)))
 .z_init_PRE_KERNEL_2_P_0_SUB_0_
                0x0000000000005978        0x8 zephyr/drivers/timer/libdrivers__timer.a(nrf_rtc_timer.c.obj)
 *(SORT_BY_NAME(SORT_BY_ALIGNMENT(.z_init_PRE_KERNEL_2_P_??_*)))
 *(SORT_BY_NAME(SORT_BY_ALIGNMENT(.z_init_PRE_KERNEL_2_P_???_*)))
                0x0000000000005980                __init_POST_KERNEL_start = .
 *(SORT_BY_NAME(SORT_BY_ALIGNMENT(.z_init_POST_KERNEL_P_?_*)))
 *(SORT_BY_NAME(SORT_BY_ALIGNMENT(.z_init_POST_KERNEL_P_??_*)))
 .z_init_POST_KERNEL_P_35_SUB_0_
                0x0000000000005980        0x8 zephyr/lib/libc/common/liblib__libc__common.a(malloc.c.obj)
 .z_init_POST_KERNEL_P_40_SUB_0_
                0x0000000000005988        0x8 zephyr/kernel/libkernel.a(system_work_q.c.obj)
 .z_init_POST_KERNEL_P_50_SUB_00071_
                0x0000000000005990        0x8 zephyr/drivers/pwm/libdrivers__pwm.a(pwm_nrfx.c.obj)
 *(SORT_BY_NAME(SORT_BY_ALIGNMENT(.z_init_POST_KERNEL_P_???_*)))
                0x0000000000005998                __init_APPLICATION_start = .
 *(SORT_BY_NAME(SORT_BY_ALIGNMENT(.z_init_APPLICATION_P_?_*)))
 *(SORT_BY_NAME(SORT_BY_ALIGNMENT(.z_init_APPLICATION_P_??_*)))
 *(SORT_BY_NAME(SORT_BY_ALIGNMENT(.z_init_APPLICATION_P_???_*)))
                0x0000000000005998                __init_SMP_start = .
 *(SORT_BY_NAME(SORT_BY_ALIGNMENT(.z_init_SMP_P_?_*)))
 *(SORT_BY_NAME(SORT_BY_ALIGNMENT(.z_init_SMP_P_??_*)))
 *(SORT_BY_NAME(SORT_BY_ALIGNMENT(.z_init_SMP_P_???_*)))
                0x0000000000005998                __init_end = .

device_area     0x0000000000005998       0xa0
                0x0000000000005998                _device_list_start = .
 *(SORT_BY_NAME(SORT_BY_ALIGNMENT(._device.static.*_?_*)))
 *(SORT_BY_NAME(SORT_BY_ALIGNMENT(._device.static.*_??_*)))
 ._device.static.1_30_
                0x0000000000005998       0x20 zephyr/drivers/clock_control/libdrivers__clock_control.a(clock_control_nrf.c.obj)
                0x0000000000005998                __device_dts_ord_80
 ._device.static.1_40_
                0x00000000000059b8       0x40 zephyr/drivers/gpio/libdrivers__gpio.a(gpio_nrfx.c.obj)
                0x00000000000059b8                __device_dts_ord_110
                0x00000000000059d8                __device_dts_ord_11
 ._device.static.1_50_
                0x00000000000059f8       0x20 zephyr/drivers/serial/libdrivers__serial.a(uart_nrfx_uarte.c.obj)
                0x00000000000059f8                __device_dts_ord_118
 ._device.static.3_50_
                0x0000000000005a18       0x20 zephyr/drivers/pwm/libdrivers__pwm.a(pwm_nrfx.c.obj)
                0x0000000000005a18                __device_dts_ord_71
 *(SORT_BY_NAME(SORT_BY_ALIGNMENT(._device.static.*_???_*)))
 *(SORT_BY_NAME(SORT_BY_ALIGNMENT(._device.static.*_????_*)))
 *(SORT_BY_NAME(SORT_BY_ALIGNMENT(._device.static.*_?????_*)))
                0x0000000000005a38                _device_list_end = .

sw_isr_table    0x0000000000005a38      0x180
                0x0000000000005a38                . = ALIGN (0x4)
 *(SORT_BY_ALIGNMENT(.gnu.linkonce.sw_isr_table*))
 .gnu.linkonce.sw_isr_table
                0x0000000000005a38      0x180 zephyr/arch/common/libisr_tables.a(isr_tables.c.obj)
                0x0000000000005a38                _sw_isr_table

initlevel_error
                0x0000000000005948        0x0
 *(SORT_BY_NAME(SORT_BY_ALIGNMENT(.z_init_*)))
                0x0000000000000001                ASSERT ((SIZEOF (initlevel_error) == 0x0), Undefined initialization levels used.)

app_shmem_regions
                0x0000000000005bb8        0x0
                0x0000000000005bb8                __app_shmem_regions_start = .
 *(SORT_BY_NAME(SORT_BY_ALIGNMENT(.app_regions.*)))
                0x0000000000005bb8                __app_shmem_regions_end = .

k_p4wq_initparam_area
                0x0000000000005bb8        0x0
                0x0000000000005bb8                _k_p4wq_initparam_list_start = .
 *(SORT_BY_NAME(SORT_BY_ALIGNMENT(._k_p4wq_initparam.static.*)))
                0x0000000000005bb8                _k_p4wq_initparam_list_end = .

_static_thread_data_area
                0x0000000000005bb8        0x0
                0x0000000000005bb8                __static_thread_data_list_start = .
 *(SORT_BY_NAME(SORT_BY_ALIGNMENT(.__static_thread_data.static.*)))
                0x0000000000005bb8                __static_thread_data_list_end = .

device_deps     0x0000000000005bb8        0x0
                0x0000000000005bb8                __device_deps_start = .
 *(SORT_BY_NAME(SORT_BY_ALIGNMENT(.__device_deps_pass2*)))
                0x0000000000005bb8                __device_deps_end = .

gpio_driver_api_area
                0x0000000000005bb8       0x24
                0x0000000000005bb8                _gpio_driver_api_list_start = .
 *(SORT_BY_NAME(SORT_BY_ALIGNMENT(._gpio_driver_api.static.*)))
 ._gpio_driver_api.static.gpio_nrfx_drv_api_funcs_
                0x0000000000005bb8       0x24 zephyr/drivers/gpio/libdrivers__gpio.a(gpio_nrfx.c.obj)
                0x0000000000005bdc                _gpio_driver_api_list_end = .

pwm_driver_api_area
                0x0000000000005bdc        0x8
                0x0000000000005bdc                _pwm_driver_api_list_start = .
 *(SORT_BY_NAME(SORT_BY_ALIGNMENT(._pwm_driver_api.static.*)))
 ._pwm_driver_api.static.pwm_nrfx_drv_api_funcs_
                0x0000000000005bdc        0x8 zephyr/drivers/pwm/libdrivers__pwm.a(pwm_nrfx.c.obj)
                0x0000000000005be4                _pwm_driver_api_list_end = .

shared_irq_driver_api_area
                0x0000000000005be4        0x0
                0x0000000000005be4                _shared_irq_driver_api_list_start = .
 *(SORT_BY_NAME(SORT_BY_ALIGNMENT(._shared_irq_driver_api.static.*)))
                0x0000000000005be4                _shared_irq_driver_api_list_end = .

crypto_driver_api_area
                0x0000000000005be4        0x0
                0x0000000000005be4                _crypto_driver_api_list_start = .
 *(SORT_BY_NAME(SORT_BY_ALIGNMENT(._crypto_driver_api.static.*)))
                0x0000000000005be4                _crypto_driver_api_list_end = .

adc_driver_api_area
                0x0000000000005be4        0x0
                0x0000000000005be4                _adc_driver_api_list_start = .
 *(SORT_BY_NAME(SORT_BY_ALIGNMENT(._adc_driver_api.static.*)))
                0x0000000000005be4                _adc_driver_api_list_end = .

auxdisplay_driver_api_area
                0x0000000000005be4        0x0
                0x0000000000005be4                _auxdisplay_driver_api_list_start = .
 *(SORT_BY_NAME(SORT_BY_ALIGNMENT(._auxdisplay_driver_api.static.*)))
                0x0000000000005be4                _auxdisplay_driver_api_list_end = .

bbram_driver_api_area
                0x0000000000005be4        0x0
                0x0000000000005be4                _bbram_driver_api_list_start = .
 *(SORT_BY_NAME(SORT_BY_ALIGNMENT(._bbram_driver_api.static.*)))
                0x0000000000005be4                _bbram_driver_api_list_end = .

bt_hci_driver_api_area
                0x0000000000005be4        0x0
                0x0000000000005be4                _bt_hci_driver_api_list_start = .
 *(SORT_BY_NAME(SORT_BY_ALIGNMENT(._bt_hci_driver_api.static.*)))
                0x0000000000005be4                _bt_hci_driver_api_list_end = .

can_driver_api_area
                0x0000000000005be4        0x0
                0x0000000000005be4                _can_driver_api_list_start = .
 *(SORT_BY_NAME(SORT_BY_ALIGNMENT(._can_driver_api.static.*)))
                0x0000000000005be4                _can_driver_api_list_end = .

cellular_driver_api_area
                0x0000000000005be4        0x0
                0x0000000000005be4                _cellular_driver_api_list_start = .
 *(SORT_BY_NAME(SORT_BY_ALIGNMENT(._cellular_driver_api.static.*)))
                0x0000000000005be4                _cellular_driver_api_list_end = .

charger_driver_api_area
                0x0000000000005be4        0x0
                0x0000000000005be4                _charger_driver_api_list_start = .
 *(SORT_BY_NAME(SORT_BY_ALIGNMENT(._charger_driver_api.static.*)))
                0x0000000000005be4                _charger_driver_api_list_end = .

clock_control_driver_api_area
                0x0000000000005be4       0x1c
                0x0000000000005be4                _clock_control_driver_api_list_start = .
 *(SORT_BY_NAME(SORT_BY_ALIGNMENT(._clock_control_driver_api.static.*)))
 ._clock_control_driver_api.static.clock_control_api_
                0x0000000000005be4       0x1c zephyr/drivers/clock_control/libdrivers__clock_control.a(clock_control_nrf.c.obj)
                0x0000000000005c00                _clock_control_driver_api_list_end = .

comparator_driver_api_area
                0x0000000000005c00        0x0
                0x0000000000005c00                _comparator_driver_api_list_start = .
 *(SORT_BY_NAME(SORT_BY_ALIGNMENT(._comparator_driver_api.static.*)))
                0x0000000000005c00                _comparator_driver_api_list_end = .

coredump_driver_api_area
                0x0000000000005c00        0x0
                0x0000000000005c00                _coredump_driver_api_list_start = .
 *(SORT_BY_NAME(SORT_BY_ALIGNMENT(._coredump_driver_api.static.*)))
                0x0000000000005c00                _coredump_driver_api_list_end = .

counter_driver_api_area
                0x0000000000005c00        0x0
                0x0000000000005c00                _counter_driver_api_list_start = .
 *(SORT_BY_NAME(SORT_BY_ALIGNMENT(._counter_driver_api.static.*)))
                0x0000000000005c00                _counter_driver_api_list_end = .

dac_driver_api_area
                0x0000000000005c00        0x0
                0x0000000000005c00                _dac_driver_api_list_start = .
 *(SORT_BY_NAME(SORT_BY_ALIGNMENT(._dac_driver_api.static.*)))
                0x0000000000005c00                _dac_driver_api_list_end = .

dai_driver_api_area
                0x0000000000005c00        0x0
                0x0000000000005c00                _dai_driver_api_list_start = .
 *(SORT_BY_NAME(SORT_BY_ALIGNMENT(._dai_driver_api.static.*)))
                0x0000000000005c00                _dai_driver_api_list_end = .

display_driver_api_area
                0x0000000000005c00        0x0
                0x0000000000005c00                _display_driver_api_list_start = .
 *(SORT_BY_NAME(SORT_BY_ALIGNMENT(._display_driver_api.static.*)))
                0x0000000000005c00                _display_driver_api_list_end = .

dma_driver_api_area
                0x0000000000005c00        0x0
                0x0000000000005c00                _dma_driver_api_list_start = .
 *(SORT_BY_NAME(SORT_BY_ALIGNMENT(._dma_driver_api.static.*)))
                0x0000000000005c00                _dma_driver_api_list_end = .

edac_driver_api_area
                0x0000000000005c00        0x0
                0x0000000000005c00                _edac_driver_api_list_start = .
 *(SORT_BY_NAME(SORT_BY_ALIGNMENT(._edac_driver_api.static.*)))
                0x0000000000005c00                _edac_driver_api_list_end = .

eeprom_driver_api_area
                0x0000000000005c00        0x0
                0x0000000000005c00                _eeprom_driver_api_list_start = .
 *(SORT_BY_NAME(SORT_BY_ALIGNMENT(._eeprom_driver_api.static.*)))
                0x0000000000005c00                _eeprom_driver_api_list_end = .

emul_bbram_driver_api_area
                0x0000000000005c00        0x0
                0x0000000000005c00                _emul_bbram_driver_api_list_start = .
 *(SORT_BY_NAME(SORT_BY_ALIGNMENT(._emul_bbram_driver_api.static.*)))
                0x0000000000005c00                _emul_bbram_driver_api_list_end = .

fuel_gauge_emul_driver_api_area
                0x0000000000005c00        0x0
                0x0000000000005c00                _fuel_gauge_emul_driver_api_list_start = .
 *(SORT_BY_NAME(SORT_BY_ALIGNMENT(._fuel_gauge_emul_driver_api.static.*)))
                0x0000000000005c00                _fuel_gauge_emul_driver_api_list_end = .

emul_sensor_driver_api_area
                0x0000000000005c00        0x0
                0x0000000000005c00                _emul_sensor_driver_api_list_start = .
 *(SORT_BY_NAME(SORT_BY_ALIGNMENT(._emul_sensor_driver_api.static.*)))
                0x0000000000005c00                _emul_sensor_driver_api_list_end = .

entropy_driver_api_area
                0x0000000000005c00        0x0
                0x0000000000005c00                _entropy_driver_api_list_start = .
 *(SORT_BY_NAME(SORT_BY_ALIGNMENT(._entropy_driver_api.static.*)))
                0x0000000000005c00                _entropy_driver_api_list_end = .

espi_driver_api_area
                0x0000000000005c00        0x0
                0x0000000000005c00                _espi_driver_api_list_start = .
 *(SORT_BY_NAME(SORT_BY_ALIGNMENT(._espi_driver_api.static.*)))
                0x0000000000005c00                _espi_driver_api_list_end = .

espi_saf_driver_api_area
                0x0000000000005c00        0x0
                0x0000000000005c00                _espi_saf_driver_api_list_start = .
 *(SORT_BY_NAME(SORT_BY_ALIGNMENT(._espi_saf_driver_api.static.*)))
                0x0000000000005c00                _espi_saf_driver_api_list_end = .

flash_driver_api_area
                0x0000000000005c00        0x0
                0x0000000000005c00                _flash_driver_api_list_start = .
 *(SORT_BY_NAME(SORT_BY_ALIGNMENT(._flash_driver_api.static.*)))
                0x0000000000005c00                _flash_driver_api_list_end = .

fpga_driver_api_area
                0x0000000000005c00        0x0
                0x0000000000005c00                _fpga_driver_api_list_start = .
 *(SORT_BY_NAME(SORT_BY_ALIGNMENT(._fpga_driver_api.static.*)))
                0x0000000000005c00                _fpga_driver_api_list_end = .

fuel_gauge_driver_api_area
                0x0000000000005c00        0x0
                0x0000000000005c00                _fuel_gauge_driver_api_list_start = .
 *(SORT_BY_NAME(SORT_BY_ALIGNMENT(._fuel_gauge_driver_api.static.*)))
                0x0000000000005c00                _fuel_gauge_driver_api_list_end = .

gnss_driver_api_area
                0x0000000000005c00        0x0
                0x0000000000005c00                _gnss_driver_api_list_start = .
 *(SORT_BY_NAME(SORT_BY_ALIGNMENT(._gnss_driver_api.static.*)))
                0x0000000000005c00                _gnss_driver_api_list_end = .

haptics_driver_api_area
                0x0000000000005c00        0x0
                0x0000000000005c00                _haptics_driver_api_list_start = .
 *(SORT_BY_NAME(SORT_BY_ALIGNMENT(._haptics_driver_api.static.*)))
                0x0000000000005c00                _haptics_driver_api_list_end = .

hwspinlock_driver_api_area
                0x0000000000005c00        0x0
                0x0000000000005c00                _hwspinlock_driver_api_list_start = .
 *(SORT_BY_NAME(SORT_BY_ALIGNMENT(._hwspinlock_driver_api.static.*)))
                0x0000000000005c00                _hwspinlock_driver_api_list_end = .

i2c_driver_api_area
                0x0000000000005c00        0x0
                0x0000000000005c00                _i2c_driver_api_list_start = .
 *(SORT_BY_NAME(SORT_BY_ALIGNMENT(._i2c_driver_api.static.*)))
                0x0000000000005c00                _i2c_driver_api_list_end = .

i2c_target_driver_api_area
                0x0000000000005c00        0x0
                0x0000000000005c00                _i2c_target_driver_api_list_start = .
 *(SORT_BY_NAME(SORT_BY_ALIGNMENT(._i2c_target_driver_api.static.*)))
                0x0000000000005c00                _i2c_target_driver_api_list_end = .

i2s_driver_api_area
                0x0000000000005c00        0x0
                0x0000000000005c00                _i2s_driver_api_list_start = .
 *(SORT_BY_NAME(SORT_BY_ALIGNMENT(._i2s_driver_api.static.*)))
                0x0000000000005c00                _i2s_driver_api_list_end = .

i3c_driver_api_area
                0x0000000000005c00        0x0
                0x0000000000005c00                _i3c_driver_api_list_start = .
 *(SORT_BY_NAME(SORT_BY_ALIGNMENT(._i3c_driver_api.static.*)))
                0x0000000000005c00                _i3c_driver_api_list_end = .

ipm_driver_api_area
                0x0000000000005c00        0x0
                0x0000000000005c00                _ipm_driver_api_list_start = .
 *(SORT_BY_NAME(SORT_BY_ALIGNMENT(._ipm_driver_api.static.*)))
                0x0000000000005c00                _ipm_driver_api_list_end = .

led_driver_api_area
                0x0000000000005c00        0x0
                0x0000000000005c00                _led_driver_api_list_start = .
 *(SORT_BY_NAME(SORT_BY_ALIGNMENT(._led_driver_api.static.*)))
                0x0000000000005c00                _led_driver_api_list_end = .

led_strip_driver_api_area
                0x0000000000005c00        0x0
                0x0000000000005c00                _led_strip_driver_api_list_start = .
 *(SORT_BY_NAME(SORT_BY_ALIGNMENT(._led_strip_driver_api.static.*)))
                0x0000000000005c00                _led_strip_driver_api_list_end = .

lora_driver_api_area
                0x0000000000005c00        0x0
                0x0000000000005c00                _lora_driver_api_list_start = .
 *(SORT_BY_NAME(SORT_BY_ALIGNMENT(._lora_driver_api.static.*)))
                0x0000000000005c00                _lora_driver_api_list_end = .

mbox_driver_api_area
                0x0000000000005c00        0x0
                0x0000000000005c00                _mbox_driver_api_list_start = .
 *(SORT_BY_NAME(SORT_BY_ALIGNMENT(._mbox_driver_api.static.*)))
                0x0000000000005c00                _mbox_driver_api_list_end = .

mdio_driver_api_area
                0x0000000000005c00        0x0
                0x0000000000005c00                _mdio_driver_api_list_start = .
 *(SORT_BY_NAME(SORT_BY_ALIGNMENT(._mdio_driver_api.static.*)))
                0x0000000000005c00                _mdio_driver_api_list_end = .

mipi_dbi_driver_api_area
                0x0000000000005c00        0x0
                0x0000000000005c00                _mipi_dbi_driver_api_list_start = .
 *(SORT_BY_NAME(SORT_BY_ALIGNMENT(._mipi_dbi_driver_api.static.*)))
                0x0000000000005c00                _mipi_dbi_driver_api_list_end = .

mipi_dsi_driver_api_area
                0x0000000000005c00        0x0
                0x0000000000005c00                _mipi_dsi_driver_api_list_start = .
 *(SORT_BY_NAME(SORT_BY_ALIGNMENT(._mipi_dsi_driver_api.static.*)))
                0x0000000000005c00                _mipi_dsi_driver_api_list_end = .

mspi_driver_api_area
                0x0000000000005c00        0x0
                0x0000000000005c00                _mspi_driver_api_list_start = .
 *(SORT_BY_NAME(SORT_BY_ALIGNMENT(._mspi_driver_api.static.*)))
                0x0000000000005c00                _mspi_driver_api_list_end = .

peci_driver_api_area
                0x0000000000005c00        0x0
                0x0000000000005c00                _peci_driver_api_list_start = .
 *(SORT_BY_NAME(SORT_BY_ALIGNMENT(._peci_driver_api.static.*)))
                0x0000000000005c00                _peci_driver_api_list_end = .

ps2_driver_api_area
                0x0000000000005c00        0x0
                0x0000000000005c00                _ps2_driver_api_list_start = .
 *(SORT_BY_NAME(SORT_BY_ALIGNMENT(._ps2_driver_api.static.*)))
                0x0000000000005c00                _ps2_driver_api_list_end = .

ptp_clock_driver_api_area
                0x0000000000005c00        0x0
                0x0000000000005c00                _ptp_clock_driver_api_list_start = .
 *(SORT_BY_NAME(SORT_BY_ALIGNMENT(._ptp_clock_driver_api.static.*)))
                0x0000000000005c00                _ptp_clock_driver_api_list_end = .

regulator_parent_driver_api_area
                0x0000000000005c00        0x0
                0x0000000000005c00                _regulator_parent_driver_api_list_start = .
 *(SORT_BY_NAME(SORT_BY_ALIGNMENT(._regulator_parent_driver_api.static.*)))
                0x0000000000005c00                _regulator_parent_driver_api_list_end = .

regulator_driver_api_area
                0x0000000000005c00        0x0
                0x0000000000005c00                _regulator_driver_api_list_start = .
 *(SORT_BY_NAME(SORT_BY_ALIGNMENT(._regulator_driver_api.static.*)))
                0x0000000000005c00                _regulator_driver_api_list_end = .

reset_driver_api_area
                0x0000000000005c00        0x0
                0x0000000000005c00                _reset_driver_api_list_start = .
 *(SORT_BY_NAME(SORT_BY_ALIGNMENT(._reset_driver_api.static.*)))
                0x0000000000005c00                _reset_driver_api_list_end = .

retained_mem_driver_api_area
                0x0000000000005c00        0x0
                0x0000000000005c00                _retained_mem_driver_api_list_start = .
 *(SORT_BY_NAME(SORT_BY_ALIGNMENT(._retained_mem_driver_api.static.*)))
                0x0000000000005c00                _retained_mem_driver_api_list_end = .

rtc_driver_api_area
                0x0000000000005c00        0x0
                0x0000000000005c00                _rtc_driver_api_list_start = .
 *(SORT_BY_NAME(SORT_BY_ALIGNMENT(._rtc_driver_api.static.*)))
                0x0000000000005c00                _rtc_driver_api_list_end = .

sdhc_driver_api_area
                0x0000000000005c00        0x0
                0x0000000000005c00                _sdhc_driver_api_list_start = .
 *(SORT_BY_NAME(SORT_BY_ALIGNMENT(._sdhc_driver_api.static.*)))
                0x0000000000005c00                _sdhc_driver_api_list_end = .

sensor_driver_api_area
                0x0000000000005c00        0x0
                0x0000000000005c00                _sensor_driver_api_list_start = .
 *(SORT_BY_NAME(SORT_BY_ALIGNMENT(._sensor_driver_api.static.*)))
                0x0000000000005c00                _sensor_driver_api_list_end = .

smbus_driver_api_area
                0x0000000000005c00        0x0
                0x0000000000005c00                _smbus_driver_api_list_start = .
 *(SORT_BY_NAME(SORT_BY_ALIGNMENT(._smbus_driver_api.static.*)))
                0x0000000000005c00                _smbus_driver_api_list_end = .

spi_driver_api_area
                0x0000000000005c00        0x0
                0x0000000000005c00                _spi_driver_api_list_start = .
 *(SORT_BY_NAME(SORT_BY_ALIGNMENT(._spi_driver_api.static.*)))
                0x0000000000005c00                _spi_driver_api_list_end = .

stepper_driver_api_area
                0x0000000000005c00        0x0
                0x0000000000005c00                _stepper_driver_api_list_start = .
 *(SORT_BY_NAME(SORT_BY_ALIGNMENT(._stepper_driver_api.static.*)))
                0x0000000000005c00                _stepper_driver_api_list_end = .

syscon_driver_api_area
                0x0000000000005c00        0x0
                0x0000000000005c00                _syscon_driver_api_list_start = .
 *(SORT_BY_NAME(SORT_BY_ALIGNMENT(._syscon_driver_api.static.*)))
                0x0000000000005c00                _syscon_driver_api_list_end = .

tee_driver_api_area
                0x0000000000005c00        0x0
                0x0000000000005c00                _tee_driver_api_list_start = .
 *(SORT_BY_NAME(SORT_BY_ALIGNMENT(._tee_driver_api.static.*)))
                0x0000000000005c00                _tee_driver_api_list_end = .

video_driver_api_area
                0x0000000000005c00        0x0
                0x0000000000005c00                _video_driver_api_list_start = .
 *(SORT_BY_NAME(SORT_BY_ALIGNMENT(._video_driver_api.static.*)))
                0x0000000000005c00                _video_driver_api_list_end = .

virtio_driver_api_area
                0x0000000000005c00        0x0
                0x0000000000005c00                _virtio_driver_api_list_start = .
 *(SORT_BY_NAME(SORT_BY_ALIGNMENT(._virtio_driver_api.static.*)))
                0x0000000000005c00                _virtio_driver_api_list_end = .

w1_driver_api_area
                0x0000000000005c00        0x0
                0x0000000000005c00                _w1_driver_api_list_start = .
 *(SORT_BY_NAME(SORT_BY_ALIGNMENT(._w1_driver_api.static.*)))
                0x0000000000005c00                _w1_driver_api_list_end = .

wdt_driver_api_area
                0x0000000000005c00        0x0
                0x0000000000005c00                _wdt_driver_api_list_start = .
 *(SORT_BY_NAME(SORT_BY_ALIGNMENT(._wdt_driver_api.static.*)))
                0x0000000000005c00                _wdt_driver_api_list_end = .

can_transceiver_driver_api_area
                0x0000000000005c00        0x0
                0x0000000000005c00                _can_transceiver_driver_api_list_start = .
 *(SORT_BY_NAME(SORT_BY_ALIGNMENT(._can_transceiver_driver_api.static.*)))
                0x0000000000005c00                _can_transceiver_driver_api_list_end = .

nrf_clock_control_driver_api_area
                0x0000000000005c00        0x0
                0x0000000000005c00                _nrf_clock_control_driver_api_list_start = .
 *(SORT_BY_NAME(SORT_BY_ALIGNMENT(._nrf_clock_control_driver_api.static.*)))
                0x0000000000005c00                _nrf_clock_control_driver_api_list_end = .

i3c_target_driver_api_area
                0x0000000000005c00        0x0
                0x0000000000005c00                _i3c_target_driver_api_list_start = .
 *(SORT_BY_NAME(SORT_BY_ALIGNMENT(._i3c_target_driver_api.static.*)))
                0x0000000000005c00                _i3c_target_driver_api_list_end = .

its_driver_api_area
                0x0000000000005c00        0x0
                0x0000000000005c00                _its_driver_api_list_start = .
 *(SORT_BY_NAME(SORT_BY_ALIGNMENT(._its_driver_api.static.*)))
                0x0000000000005c00                _its_driver_api_list_end = .

vtd_driver_api_area
                0x0000000000005c00        0x0
                0x0000000000005c00                _vtd_driver_api_list_start = .
 *(SORT_BY_NAME(SORT_BY_ALIGNMENT(._vtd_driver_api.static.*)))
                0x0000000000005c00                _vtd_driver_api_list_end = .

renesas_elc_driver_api_area
                0x0000000000005c00        0x0
                0x0000000000005c00                _renesas_elc_driver_api_list_start = .
 *(SORT_BY_NAME(SORT_BY_ALIGNMENT(._renesas_elc_driver_api.static.*)))
                0x0000000000005c00                _renesas_elc_driver_api_list_end = .

tgpio_driver_api_area
                0x0000000000005c00        0x0
                0x0000000000005c00                _tgpio_driver_api_list_start = .
 *(SORT_BY_NAME(SORT_BY_ALIGNMENT(._tgpio_driver_api.static.*)))
                0x0000000000005c00                _tgpio_driver_api_list_end = .

pcie_ctrl_driver_api_area
                0x0000000000005c00        0x0
                0x0000000000005c00                _pcie_ctrl_driver_api_list_start = .
 *(SORT_BY_NAME(SORT_BY_ALIGNMENT(._pcie_ctrl_driver_api.static.*)))
                0x0000000000005c00                _pcie_ctrl_driver_api_list_end = .

pcie_ep_driver_api_area
                0x0000000000005c00        0x0
                0x0000000000005c00                _pcie_ep_driver_api_list_start = .
 *(SORT_BY_NAME(SORT_BY_ALIGNMENT(._pcie_ep_driver_api.static.*)))
                0x0000000000005c00                _pcie_ep_driver_api_list_end = .

psi5_driver_api_area
                0x0000000000005c00        0x0
                0x0000000000005c00                _psi5_driver_api_list_start = .
 *(SORT_BY_NAME(SORT_BY_ALIGNMENT(._psi5_driver_api.static.*)))
                0x0000000000005c00                _psi5_driver_api_list_end = .

sent_driver_api_area
                0x0000000000005c00        0x0
                0x0000000000005c00                _sent_driver_api_list_start = .
 *(SORT_BY_NAME(SORT_BY_ALIGNMENT(._sent_driver_api.static.*)))
                0x0000000000005c00                _sent_driver_api_list_end = .

svc_driver_api_area
                0x0000000000005c00        0x0
                0x0000000000005c00                _svc_driver_api_list_start = .
 *(SORT_BY_NAME(SORT_BY_ALIGNMENT(._svc_driver_api.static.*)))
                0x0000000000005c00                _svc_driver_api_list_end = .

uart_driver_api_area
                0x0000000000005c00        0xc
                0x0000000000005c00                _uart_driver_api_list_start = .
 *(SORT_BY_NAME(SORT_BY_ALIGNMENT(._uart_driver_api.static.*)))
 ._uart_driver_api.static.uart_nrfx_uarte_driver_api_
                0x0000000000005c00        0xc zephyr/drivers/serial/libdrivers__serial.a(uart_nrfx_uarte.c.obj)
                0x0000000000005c0c                _uart_driver_api_list_end = .

bc12_emul_driver_api_area
                0x0000000000005c0c        0x0
                0x0000000000005c0c                _bc12_emul_driver_api_list_start = .
 *(SORT_BY_NAME(SORT_BY_ALIGNMENT(._bc12_emul_driver_api.static.*)))
                0x0000000000005c0c                _bc12_emul_driver_api_list_end = .

bc12_driver_api_area
                0x0000000000005c0c        0x0
                0x0000000000005c0c                _bc12_driver_api_list_start = .
 *(SORT_BY_NAME(SORT_BY_ALIGNMENT(._bc12_driver_api.static.*)))
                0x0000000000005c0c                _bc12_driver_api_list_end = .

usbc_ppc_driver_api_area
                0x0000000000005c0c        0x0
                0x0000000000005c0c                _usbc_ppc_driver_api_list_start = .
 *(SORT_BY_NAME(SORT_BY_ALIGNMENT(._usbc_ppc_driver_api.static.*)))
                0x0000000000005c0c                _usbc_ppc_driver_api_list_end = .

tcpc_driver_api_area
                0x0000000000005c0c        0x0
                0x0000000000005c0c                _tcpc_driver_api_list_start = .
 *(SORT_BY_NAME(SORT_BY_ALIGNMENT(._tcpc_driver_api.static.*)))
                0x0000000000005c0c                _tcpc_driver_api_list_end = .

usbc_vbus_driver_api_area
                0x0000000000005c0c        0x0
                0x0000000000005c0c                _usbc_vbus_driver_api_list_start = .
 *(SORT_BY_NAME(SORT_BY_ALIGNMENT(._usbc_vbus_driver_api.static.*)))
                0x0000000000005c0c                _usbc_vbus_driver_api_list_end = .

ivshmem_driver_api_area
                0x0000000000005c0c        0x0
                0x0000000000005c0c                _ivshmem_driver_api_list_start = .
 *(SORT_BY_NAME(SORT_BY_ALIGNMENT(._ivshmem_driver_api.static.*)))
                0x0000000000005c0c                _ivshmem_driver_api_list_end = .

ethphy_driver_api_area
                0x0000000000005c0c        0x0
                0x0000000000005c0c                _ethphy_driver_api_list_start = .
 *(SORT_BY_NAME(SORT_BY_ALIGNMENT(._ethphy_driver_api.static.*)))
                0x0000000000005c0c                _ethphy_driver_api_list_end = .

ztest           0x0000000000005c0c        0x0
                0x0000000000005c0c                _ztest_expected_result_entry_list_start = .
 *(SORT_BY_NAME(SORT_BY_ALIGNMENT(._ztest_expected_result_entry.static.*)))
                0x0000000000005c0c                _ztest_expected_result_entry_list_end = .
                0x0000000000005c0c                _ztest_suite_node_list_start = .
 *(SORT_BY_NAME(SORT_BY_ALIGNMENT(._ztest_suite_node.static.*)))
                0x0000000000005c0c                _ztest_suite_node_list_end = .
                0x0000000000005c0c                _ztest_unit_test_list_start = .
 *(SORT_BY_NAME(SORT_BY_ALIGNMENT(._ztest_unit_test.static.*)))
                0x0000000000005c0c                _ztest_unit_test_list_end = .
                0x0000000000005c0c                _ztest_test_rule_list_start = .
 *(SORT_BY_NAME(SORT_BY_ALIGNMENT(._ztest_test_rule.static.*)))
                0x0000000000005c0c                _ztest_test_rule_list_end = .

init_array      0x0000000000005c0c        0x0
                0x0000000000005c0c                __zephyr_init_array_start = .
 *(SORT_BY_INIT_PRIORITY(.init_array.*) SORT_BY_INIT_PRIORITY(.ctors.*))
 *(SORT_BY_ALIGNMENT(.init_array) SORT_BY_ALIGNMENT(.ctors))
                0x0000000000005c0c                __zephyr_init_array_end = .
                0x0000000000000001                ASSERT ((__zephyr_init_array_start == __zephyr_init_array_end), GNU-style constructors required but STATIC_INIT_GNU not enabled)

bt_l2cap_fixed_chan_area
                0x0000000000005c0c        0x0
                0x0000000000005c0c                _bt_l2cap_fixed_chan_list_start = .
 *(SORT_BY_NAME(SORT_BY_ALIGNMENT(._bt_l2cap_fixed_chan.static.*)))
                0x0000000000005c0c                _bt_l2cap_fixed_chan_list_end = .

bt_gatt_service_static_area
                0x0000000000005c0c        0x0
                0x0000000000005c0c                _bt_gatt_service_static_list_start = .
 *(SORT_BY_NAME(SORT_BY_ALIGNMENT(._bt_gatt_service_static.static.*)))
                0x0000000000005c0c                _bt_gatt_service_static_list_end = .

log_strings_area
                0x0000000000005c0c        0x0
                0x0000000000005c0c                _log_strings_list_start = .
 *(SORT_BY_NAME(SORT_BY_ALIGNMENT(._log_strings.static.*)))
                0x0000000000005c0c                _log_strings_list_end = .

log_stmesp_ptr_area
                0x0000000000005c0c        0x0
                0x0000000000005c0c                _log_stmesp_ptr_list_start = .
 *(SORT_BY_NAME(SORT_BY_ALIGNMENT(._log_stmesp_ptr.static.*)))
                0x0000000000005c0c                _log_stmesp_ptr_list_end = .

log_stmesp_str_area
                0x0000000000005c0c        0x0
                0x0000000000005c0c                _log_stmesp_str_list_start = .
 *(SORT_BY_NAME(SORT_BY_ALIGNMENT(._log_stmesp_str.static.*)))
                0x0000000000005c0c                _log_stmesp_str_list_end = .

log_const_area  0x0000000000005c0c        0x0
                0x0000000000005c0c                _log_const_list_start = .
 *(SORT_BY_NAME(SORT_BY_ALIGNMENT(._log_const.static.*)))
                0x0000000000005c0c                _log_const_list_end = .

log_backend_area
                0x0000000000005c0c        0x0
                0x0000000000005c0c                _log_backend_list_start = .
 *(SORT_BY_NAME(SORT_BY_ALIGNMENT(._log_backend.static.*)))
                0x0000000000005c0c                _log_backend_list_end = .

log_link_area   0x0000000000005c0c        0x0
                0x0000000000005c0c                _log_link_list_start = .
 *(SORT_BY_NAME(SORT_BY_ALIGNMENT(._log_link.static.*)))
                0x0000000000005c0c                _log_link_list_end = .

tracing_backend_area
                0x0000000000005c0c        0x0
                0x0000000000005c0c                _tracing_backend_list_start = .
 *(SORT_BY_NAME(SORT_BY_ALIGNMENT(._tracing_backend.static.*)))
                0x0000000000005c0c                _tracing_backend_list_end = .

zephyr_dbg_info
 *(SORT_BY_ALIGNMENT(.dbg_thread_info))

intc_table_area
                0x0000000000005c0c        0x0
                0x0000000000005c0c                _intc_table_list_start = .
 *(SORT_BY_NAME(SORT_BY_ALIGNMENT(._intc_table.static.*)))
                0x0000000000005c0c                _intc_table_list_end = .

symbol_to_keep  0x0000000000005c0c        0x0
                0x0000000000005c0c                __symbol_to_keep_start = .
 *(SORT_BY_NAME(SORT_BY_ALIGNMENT(.symbol_to_keep*)))
                0x0000000000005c0c                __symbol_to_keep_end = .

shell_area      0x0000000000005c0c        0x0
                0x0000000000005c0c                _shell_list_start = .
 *(SORT_BY_NAME(SORT_BY_ALIGNMENT(._shell.static.*)))
                0x0000000000005c0c                _shell_list_end = .

shell_root_cmds_area
                0x0000000000005c0c        0x0
                0x0000000000005c0c                _shell_root_cmds_list_start = .
 *(SORT_BY_NAME(SORT_BY_ALIGNMENT(._shell_root_cmds.static.*)))